Component: ARM Compiler 5.05 update 1 (build 106) Tool: armlink [4d0efa]

==============================================================================

Section Cross References

    startup_stm32f405xx.o(RESET) refers to startup_stm32f405xx.o(STACK) for __initial_sp
    startup_stm32f405xx.o(RESET) refers to startup_stm32f405xx.o(.text) for Reset_Handler
    startup_stm32f405xx.o(RESET) refers to stm32f4xx_it.o(i.NMI_Handler) for NMI_Handler
    startup_stm32f405xx.o(RESET) refers to stm32f4xx_it.o(i.HardFault_Handler) for HardFault_Handler
    startup_stm32f405xx.o(RESET) refers to stm32f4xx_it.o(i.MemManage_Handler) for MemManage_Handler
    startup_stm32f405xx.o(RESET) refers to stm32f4xx_it.o(i.BusFault_Handler) for BusFault_Handler
    startup_stm32f405xx.o(RESET) refers to stm32f4xx_it.o(i.UsageFault_Handler) for UsageFault_Handler
    startup_stm32f405xx.o(RESET) refers to port.o(.emb_text) for SVC_Handler
    startup_stm32f405xx.o(RESET) refers to stm32f4xx_it.o(i.DebugMon_Handler) for DebugMon_Handler
    startup_stm32f405xx.o(RESET) refers to cmsis_os2.o(i.SysTick_Handler) for SysTick_Handler
    startup_stm32f405xx.o(RESET) refers to stm32f4xx_it.o(i.TIM2_IRQHandler) for TIM2_IRQHandler
    startup_stm32f405xx.o(RESET) refers to stm32f4xx_it.o(i.USART1_IRQHandler) for USART1_IRQHandler
    startup_stm32f405xx.o(RESET) refers to stm32f4xx_it.o(i.TIM6_DAC_IRQHandler) for TIM6_DAC_IRQHandler
    startup_stm32f405xx.o(RESET) refers to stm32f4xx_it.o(i.DMA2_Stream1_IRQHandler) for DMA2_Stream1_IRQHandler
    startup_stm32f405xx.o(RESET) refers to stm32f4xx_it.o(i.DMA2_Stream2_IRQHandler) for DMA2_Stream2_IRQHandler
    startup_stm32f405xx.o(RESET) refers to stm32f4xx_it.o(i.USART6_IRQHandler) for USART6_IRQHandler
    startup_stm32f405xx.o(.text) refers to system_stm32f4xx.o(i.SystemInit) for SystemInit
    startup_stm32f405xx.o(.text) refers to entry.o(.ARM.Collect$$$$00000000) for __main
    wit_c_sdk.o(i.CopeWitData) refers to memcpya.o(.text) for __aeabi_memcpy
    wit_c_sdk.o(i.CopeWitData) refers to wit_c_sdk.o(.data) for .data
    wit_c_sdk.o(i.CopeWitData) refers to wit_c_sdk.o(.bss) for .bss
    wit_c_sdk.o(i.WitCanDataIn) refers to wit_c_sdk.o(i.CopeWitData) for CopeWitData
    wit_c_sdk.o(i.WitCanDataIn) refers to wit_c_sdk.o(.data) for .data
    wit_c_sdk.o(i.WitCanWriteRegister) refers to wit_c_sdk.o(.data) for .data
    wit_c_sdk.o(i.WitDeInit) refers to wit_c_sdk.o(.data) for .data
    wit_c_sdk.o(i.WitDelayMsRegister) refers to wit_c_sdk.o(.data) for .data
    wit_c_sdk.o(i.WitI2cFuncRegister) refers to wit_c_sdk.o(.data) for .data
    wit_c_sdk.o(i.WitInit) refers to wit_c_sdk.o(.data) for .data
    wit_c_sdk.o(i.WitReadReg) refers to wit_c_sdk.o(i.__CRC16) for __CRC16
    wit_c_sdk.o(i.WitReadReg) refers to wit_c_sdk.o(.data) for .data
    wit_c_sdk.o(i.WitReadReg) refers to wit_c_sdk.o(.bss) for .bss
    wit_c_sdk.o(i.WitRegisterCallBack) refers to wit_c_sdk.o(.data) for .data
    wit_c_sdk.o(i.WitSerialDataIn) refers to wit_c_sdk.o(i.CopeWitData) for CopeWitData
    wit_c_sdk.o(i.WitSerialDataIn) refers to wit_c_sdk.o(i.__CRC16) for __CRC16
    wit_c_sdk.o(i.WitSerialDataIn) refers to memcpya.o(.text) for __aeabi_memcpy
    wit_c_sdk.o(i.WitSerialDataIn) refers to wit_c_sdk.o(.data) for .data
    wit_c_sdk.o(i.WitSerialDataIn) refers to wit_c_sdk.o(.bss) for .bss
    wit_c_sdk.o(i.WitSerialWriteRegister) refers to wit_c_sdk.o(.data) for .data
    wit_c_sdk.o(i.WitSetBandwidth) refers to wit_c_sdk.o(i.CheckRange) for CheckRange
    wit_c_sdk.o(i.WitSetBandwidth) refers to wit_c_sdk.o(i.WitWriteReg) for WitWriteReg
    wit_c_sdk.o(i.WitSetBandwidth) refers to wit_c_sdk.o(.data) for .data
    wit_c_sdk.o(i.WitSetCanBaud) refers to wit_c_sdk.o(i.CheckRange) for CheckRange
    wit_c_sdk.o(i.WitSetCanBaud) refers to wit_c_sdk.o(i.WitWriteReg) for WitWriteReg
    wit_c_sdk.o(i.WitSetCanBaud) refers to wit_c_sdk.o(.data) for .data
    wit_c_sdk.o(i.WitSetContent) refers to wit_c_sdk.o(i.CheckRange) for CheckRange
    wit_c_sdk.o(i.WitSetContent) refers to wit_c_sdk.o(i.WitWriteReg) for WitWriteReg
    wit_c_sdk.o(i.WitSetContent) refers to wit_c_sdk.o(.data) for .data
    wit_c_sdk.o(i.WitSetOutputRate) refers to wit_c_sdk.o(i.CheckRange) for CheckRange
    wit_c_sdk.o(i.WitSetOutputRate) refers to wit_c_sdk.o(i.WitWriteReg) for WitWriteReg
    wit_c_sdk.o(i.WitSetOutputRate) refers to wit_c_sdk.o(.data) for .data
    wit_c_sdk.o(i.WitSetUartBaud) refers to wit_c_sdk.o(i.CheckRange) for CheckRange
    wit_c_sdk.o(i.WitSetUartBaud) refers to wit_c_sdk.o(i.WitWriteReg) for WitWriteReg
    wit_c_sdk.o(i.WitSetUartBaud) refers to wit_c_sdk.o(.data) for .data
    wit_c_sdk.o(i.WitStartAccCali) refers to wit_c_sdk.o(i.WitWriteReg) for WitWriteReg
    wit_c_sdk.o(i.WitStartAccCali) refers to wit_c_sdk.o(.data) for .data
    wit_c_sdk.o(i.WitStartMagCali) refers to wit_c_sdk.o(i.WitWriteReg) for WitWriteReg
    wit_c_sdk.o(i.WitStartMagCali) refers to wit_c_sdk.o(.data) for .data
[...]
    i.UART_DMAAbortOnError                   0x080031be   Section        0  stm32f4xx_hal_uart.o(i.UART_DMAAbortOnError)
    UART_DMAAbortOnError                     0x080031bf   Thumb Code    16  stm32f4xx_hal_uart.o(i.UART_DMAAbortOnError)
    i.UART_DMAError                          0x080031ce   Section        0  stm32f4xx_hal_uart.o(i.UART_DMAError)
    UART_DMAError                            0x080031cf   Thumb Code    74  stm32f4xx_hal_uart.o(i.UART_DMAError)
    i.UART_DMAReceiveCplt                    0x08003218   Section        0  stm32f4xx_hal_uart.o(i.UART_DMAReceiveCplt)
    UART_DMAReceiveCplt                      0x08003219   Thumb Code   134  stm32f4xx_hal_uart.o(i.UART_DMAReceiveCplt)
    i.UART_DMARxHalfCplt                     0x0800329e   Section        0  stm32f4xx_hal_uart.o(i.UART_DMARxHalfCplt)
    UART_DMARxHalfCplt                       0x0800329f   Thumb Code    30  stm32f4xx_hal_uart.o(i.UART_DMARxHalfCplt)
    i.UART_EndRxTransfer                     0x080032bc   Section        0  stm32f4xx_hal_uart.o(i.UART_EndRxTransfer)
    UART_EndRxTransfer                       0x080032bd   Thumb Code    78  stm32f4xx_hal_uart.o(i.UART_EndRxTransfer)
    i.UART_EndTxTransfer                     0x0800330a   Section        0  stm32f4xx_hal_uart.o(i.UART_EndTxTransfer)
    UART_EndTxTransfer                       0x0800330b   Thumb Code    28  stm32f4xx_hal_uart.o(i.UART_EndTxTransfer)
    i.UART_Receive_IT                        0x08003326   Section        0  stm32f4xx_hal_uart.o(i.UART_Receive_IT)
    UART_Receive_IT                          0x08003327   Thumb Code   194  stm32f4xx_hal_uart.o(i.UART_Receive_IT)
    i.UART_SetConfig                         0x080033e8   Section        0  stm32f4xx_hal_uart.o(i.UART_SetConfig)
    UART_SetConfig                           0x080033e9   Thumb Code   258  stm32f4xx_hal_uart.o(i.UART_SetConfig)
    i.UART_Start_Receive_DMA                 0x080034f4   Section        0  stm32f4xx_hal_uart.o(i.UART_Start_Receive_DMA)
    i.UART_WaitOnFlagUntilTimeout            0x08003584   Section        0  stm32f4xx_hal_uart.o(i.UART_WaitOnFlagUntilTimeout)
    UART_WaitOnFlagUntilTimeout              0x08003585   Thumb Code   114  stm32f4xx_hal_uart.o(i.UART_WaitOnFlagUntilTimeout)
    i.USART1_IRQHandler                      0x080035f8   Section        0  stm32f4xx_it.o(i.USART1_IRQHandler)
    i.USART6_IRQHandler                      0x080036ac   Section        0  stm32f4xx_it.o(i.USART6_IRQHandler)
    i.USART_Start                            0x080036ec   Section        0  freertos.o(i.USART_Start)
    i.UsageFault_Handler                     0x08003740   Section        0  stm32f4xx_it.o(i.UsageFault_Handler)
    i.Usart1_Check                           0x08003744   Section        0  freertos.o(i.Usart1_Check)
    i.WitInit                                0x080037c4   Section        0  wit_c_sdk.o(i.WitInit)
    i.WitReadReg                             0x080037e0   Section        0  wit_c_sdk.o(i.WitReadReg)
    i.WitRegisterCallBack                    0x08003920   Section        0  wit_c_sdk.o(i.WitRegisterCallBack)
    i.WitSerialDataIn                        0x08003934   Section        0  wit_c_sdk.o(i.WitSerialDataIn)
    i.WitSerialWriteRegister                 0x08003a34   Section        0  wit_c_sdk.o(i.WitSerialWriteRegister)
    i.Wit_Sensor_Init                        0x08003a48   Section        0  attitude.o(i.Wit_Sensor_Init)
    i.__CRC16                                0x08003aa0   Section        0  wit_c_sdk.o(i.__CRC16)
    __CRC16                                  0x08003aa1   Thumb Code    38  wit_c_sdk.o(i.__CRC16)
    i.__NVIC_SetPriority                     0x08003acc   Section        0  stm32f4xx_hal_cortex.o(i.__NVIC_SetPriority)
    __NVIC_SetPriority                       0x08003acd   Thumb Code    32  stm32f4xx_hal_cortex.o(i.__NVIC_SetPriority)
    i.__scatterload_copy                     0x08003aec   Section       14  handlers.o(i.__scatterload_copy)
    i.__scatterload_null                     0x08003afa   Section        2  handlers.o(i.__scatterload_null)
    i.__scatterload_zeroinit                 0x08003afc   Section       14  handlers.o(i.__scatterload_zeroinit)
    i.constrainf                             0x08003b0a   Section        0  mate_math.o(i.constrainf)
    i.eTaskGetState                          0x08003b2c   Section        0  tasks.o(i.eTaskGetState)
    i.main                                   0x08003ba0   Section        0  main.o(i.main)
    i.osDelay                                0x08003bf0   Section        0  cmsis_os2.o(i.osDelay)
    i.osKernelGetTickCount                   0x08003c0a   Section        0  cmsis_os2.o(i.osKernelGetTickCount)
    i.osKernelInitialize                     0x08003c18   Section        0  cmsis_os2.o(i.osKernelInitialize)
    i.osKernelStart                          0x08003c3c   Section        0  cmsis_os2.o(i.osKernelStart)
    i.osThreadNew                            0x08003c74   Section        0  cmsis_os2.o(i.osThreadNew)
    i.osThreadTerminate                      0x08003cfc   Section        0  cmsis_os2.o(i.osThreadTerminate)
    i.pidInit                                0x08003d30   Section        0  pid.o(i.pidInit)
    i.pidUpdate                              0x08003d68   Section        0  pid.o(i.pidUpdate)
    i.prvAddCurrentTaskToDelayedList         0x08003e08   Section        0  tasks.o(i.prvAddCurrentTaskToDelayedList)
    prvAddCurrentTaskToDelayedList           0x08003e09   Thumb Code    84  tasks.o(i.prvAddCurrentTaskToDelayedList)
    i.prvAddNewTaskToReadyList               0x08003e64   Section        0  tasks.o(i.prvAddNewTaskToReadyList)
    prvAddNewTaskToReadyList                 0x08003e65   Thumb Code   190  tasks.o(i.prvAddNewTaskToReadyList)
    i.prvCheckForValidListAndQueue           0x08003f34   Section        0  timers.o(i.prvCheckForValidListAndQueue)
    prvCheckForValidListAndQueue             0x08003f35   Thumb Code    72  timers.o(i.prvCheckForValidListAndQueue)
    i.prvCopyDataFromQueue                   0x08003f8c   Section        0  queue.o(i.prvCopyDataFromQueue)
    prvCopyDataFromQueue                     0x08003f8d   Thumb Code    38  queue.o(i.prvCopyDataFromQueue)
    i.prvCopyDataToQueue                     0x08003fb2   Section        0  queue.o(i.prvCopyDataToQueue)
    prvCopyDataToQueue                       0x08003fb3   Thumb Code   108  queue.o(i.prvCopyDataToQueue)
    i.prvDeleteTCB                           0x0800401e   Section        0  tasks.o(i.prvDeleteTCB)
    prvDeleteTCB                             0x0800401f   Thumb Code    52  tasks.o(i.prvDeleteTCB)
    i.prvHeapInit                            0x08004054   Section        0  heap_4.o(i.prvHeapInit)
    prvHeapInit                              0x08004055   Thumb Code    66  heap_4.o(i.prvHeapInit)
    i.prvIdleTask                            0x080040a0   Section        0  tasks.o(i.prvIdleTask)
    prvIdleTask                              0x080040a1   Thumb Code    82  tasks.o(i.prvIdleTask)
    i.prvInitialiseNewQueue                  0x08004100   Section        0  queue.o(i.prvInitialiseNewQueue)
    prvInitialiseNewQueue                    0x08004101   Thumb Code    34  queue.o(i.prvInitialiseNewQueue)
    i.prvInitialiseNewTask                   0x08004124   Section        0  tasks.o(i.prvInitialiseNewTask)
    prvInitialiseNewTask                     0x08004125   Thumb Code   176  tasks.o(i.prvInitialiseNewTask)
    i.prvInsertBlockIntoFreeList             0x080041d4   Section        0  heap_4.o(i.prvInsertBlockIntoFreeList)
    prvInsertBlockIntoFreeList               0x080041d5   Thumb Code    72  heap_4.o(i.prvInsertBlockIntoFreeList)
    i.prvInsertTimerInActiveList             0x08004220   Section        0  timers.o(i.prvInsertTimerInActiveList)
    prvInsertTimerInActiveList               0x08004221   Thumb Code    52  timers.o(i.prvInsertTimerInActiveList)
    i.prvIsQueueEmpty                        0x08004258   Section        0  queue.o(i.prvIsQueueEmpty)
    prvIsQueueEmpty                          0x08004259   Thumb Code    28  queue.o(i.prvIsQueueEmpty)
    i.prvProcessReceivedCommands             0x08004274   Section        0  timers.o(i.prvProcessReceivedCommands)
    prvProcessReceivedCommands               0x08004275   Thumb Code   248  timers.o(i.prvProcessReceivedCommands)
    i.prvProcessTimerOrBlockTask             0x08004370   Section        0  timers.o(i.prvProcessTimerOrBlockTask)
    prvProcessTimerOrBlockTask               0x08004371   Thumb Code   182  timers.o(i.prvProcessTimerOrBlockTask)
    i.prvResetNextTaskUnblockTime            0x08004430   Section        0  tasks.o(i.prvResetNextTaskUnblockTime)
    prvResetNextTaskUnblockTime              0x08004431   Thumb Code    26  tasks.o(i.prvResetNextTaskUnblockTime)
    i.prvSampleTimeNow                       0x08004450   Section        0  timers.o(i.prvSampleTimeNow)
    prvSampleTimeNow                         0x08004451   Thumb Code    36  timers.o(i.prvSampleTimeNow)
    i.prvSwitchTimerLists                    0x08004478   Section        0  timers.o(i.prvSwitchTimerLists)
    prvSwitchTimerLists                      0x08004479   Thumb Code   104  timers.o(i.prvSwitchTimerLists)
    i.prvTaskExitError                       0x080044e4   Section        0  port.o(i.prvTaskExitError)
    prvTaskExitError                         0x080044e5   Thumb Code    36  port.o(i.prvTaskExitError)
    i.prvTimerTask                           0x0800450c   Section        0  timers.o(i.prvTimerTask)
    prvTimerTask                             0x0800450d   Thumb Code    32  timers.o(i.prvTimerTask)
    i.prvUnlockQueue                         0x08004530   Section        0  queue.o(i.prvUnlockQueue)
    prvUnlockQueue                           0x08004531   Thumb Code   106  queue.o(i.prvUnlockQueue)
    i.pvPortMalloc                           0x0800459c   Section        0  heap_4.o(i.pvPortMalloc)
    i.pxPortInitialiseStack                  0x08004678   Section        0  port.o(i.pxPortInitialiseStack)
    i.uxListRemove                           0x080046a4   Section        0  list.o(i.uxListRemove)
    i.vApplicationGetIdleTaskMemory          0x080046cc   Section        0  cmsis_os2.o(i.vApplicationGetIdleTaskMemory)
    i.vApplicationGetTimerTaskMemory         0x080046e0   Section        0  cmsis_os2.o(i.vApplicationGetTimerTaskMemory)
    i.vListInitialise                        0x080046f8   Section        0  list.o(i.vListInitialise)
    i.vListInitialiseItem                    0x0800470e   Section        0  list.o(i.vListInitialiseItem)
    i.vListInsert                            0x08004714   Section        0  list.o(i.vListInsert)
    i.vListInsertEnd                         0x08004744   Section        0  list.o(i.vListInsertEnd)
    i.vPortEnterCritical                     0x0800475c   Section        0  port.o(i.vPortEnterCritical)
    i.vPortExitCritical                      0x0800479c   Section        0  port.o(i.vPortExitCritical)
    i.vPortFree                              0x080047c4   Section        0  heap_4.o(i.vPortFree)
    i.vPortSetupTimerInterrupt               0x08004828   Section        0  port.o(i.vPortSetupTimerInterrupt)
    i.vPortValidateInterruptPriority         0x0800484c   Section        0  port.o(i.vPortValidateInterruptPriority)
    i.vQueueAddToRegistry                    0x080048a0   Section        0  queue.o(i.vQueueAddToRegistry)
    i.vQueueWaitForMessageRestricted         0x080048c8   Section        0  queue.o(i.vQueueWaitForMessageRestricted)
    i.vTaskDelay                             0x0800490c   Section        0  tasks.o(i.vTaskDelay)
    i.vTaskDelayUntil                        0x08004958   Section        0  tasks.o(i.vTaskDelayUntil)
    i.vTaskDelete                            0x080049e4   Section        0  tasks.o(i.vTaskDelete)
    i.vTaskInternalSetTimeOutState           0x08004a74   Section        0  tasks.o(i.vTaskInternalSetTimeOutState)
    i.vTaskMissedYield                       0x08004a84   Section        0  tasks.o(i.vTaskMissedYield)
    i.vTaskPlaceOnEventList                  0x08004a90   Section        0  tasks.o(i.vTaskPlaceOnEventList)
    i.vTaskPlaceOnEventListRestricted        0x08004ac0   Section        0  tasks.o(i.vTaskPlaceOnEventListRestricted)
    i.vTaskStartScheduler                    0x08004af8   Section        0  tasks.o(i.vTaskStartScheduler)
    i.vTaskSuspendAll                        0x08004b80   Section        0  tasks.o(i.vTaskSuspendAll)
    i.vTaskSwitchContext                     0x08004b90   Section        0  tasks.o(i.vTaskSwitchContext)
    i.xPortStartScheduler                    0x08004bf4   Section        0  port.o(i.xPortStartScheduler)
    i.xPortSysTickHandler                    0x08004ce8   Section        0  port.o(i.xPortSysTickHandler)
    i.xQueueGenericCreateStatic              0x08004d14   Section        0  queue.o(i.xQueueGenericCreateStatic)
    i.xQueueGenericReset                     0x08004d7c   Section        0  queue.o(i.xQueueGenericReset)
    i.xQueueGenericSend                      0x08004e04   Section        0  queue.o(i.xQueueGenericSend)
    i.xQueueGenericSendFromISR               0x08004f64   Section        0  queue.o(i.xQueueGenericSendFromISR)
    i.xQueueReceive                          0x08005024   Section        0  queue.o(i.xQueueReceive)
    i.xTaskCheckForTimeOut                   0x0800515c   Section        0  tasks.o(i.xTaskCheckForTimeOut)
    i.xTaskCreate                            0x080051d0   Section        0  tasks.o(i.xTaskCreate)
    i.xTaskCreateStatic                      0x0800522a   Section        0  tasks.o(i.xTaskCreateStatic)
    i.xTaskGetSchedulerState                 0x08005280   Section        0  tasks.o(i.xTaskGetSchedulerState)
    i.xTaskGetTickCount                      0x0800529c   Section        0  tasks.o(i.xTaskGetTickCount)
    i.xTaskGetTickCountFromISR               0x080052a8   Section        0  tasks.o(i.xTaskGetTickCountFromISR)
    i.xTaskIncrementTick                     0x080052b8   Section        0  tasks.o(i.xTaskIncrementTick)
    i.xTaskPriorityDisinherit                0x08005380   Section        0  tasks.o(i.xTaskPriorityDisinherit)
    i.xTaskRemoveFromEventList               0x08005400   Section        0  tasks.o(i.xTaskRemoveFromEventList)
    i.xTaskResumeAll                         0x08005470   Section        0  tasks.o(i.xTaskResumeAll)
    i.xTimerCreateTimerTask                  0x08005534   Section        0  timers.o(i.xTimerCreateTimerTask)
    i.xTimerGenericCommand                   0x08005594   Section        0  timers.o(i.xTimerGenericCommand)
    .constdata                               0x080055fc   Section      512  wit_c_sdk.o(.constdata)
    __auchCRCHi                              0x080055fc   Data         256  wit_c_sdk.o(.constdata)
    __auchCRCLo                              0x080056fc   Data         256  wit_c_sdk.o(.constdata)
    .constdata                               0x080057fc   Section      144  freertos.o(.constdata)
    .constdata                               0x0800588c   Section        8  stm32f4xx_hal_dma.o(.constdata)
    flagBitshiftOffset                       0x0800588c   Data           8  stm32f4xx_hal_dma.o(.constdata)
    .constdata                               0x08005894   Section       16  system_stm32f4xx.o(.constdata)
    .constdata                               0x080058a4   Section        8  system_stm32f4xx.o(.constdata)
    .conststring                             0x080058ac   Section       45  freertos.o(.conststring)
    .data                                    0x20000000   Section       40  wit_c_sdk.o(.data)
    s_ucAddr                                 0x20000000   Data           1  wit_c_sdk.o(.data)
    p_WitSerialWriteFunc                     0x20000004   Data           4  wit_c_sdk.o(.data)
    p_WitI2cWriteFunc                        0x20000008   Data           4  wit_c_sdk.o(.data)
    p_WitI2cReadFunc                         0x2000000c   Data           4  wit_c_sdk.o(.data)
    p_WitCanWriteFunc                        0x20000010   Data           4  wit_c_sdk.o(.data)
    p_WitRegUpdateCbFunc                     0x20000014   Data           4  wit_c_sdk.o(.data)
    p_WitDelaymsFunc                         0x20000018   Data           4  wit_c_sdk.o(.data)
    s_uiWitDataCnt                           0x2000001c   Data           4  wit_c_sdk.o(.data)
    s_uiProtoclo                             0x20000020   Data           4  wit_c_sdk.o(.data)
    s_uiReadRegIndex                         0x20000024   Data           4  wit_c_sdk.o(.data)
    .data                                    0x20000028   Section        1  attitude.o(.data)
    s_cDataUpdate                            0x20000028   Data           1  attitude.o(.data)
    .data                                    0x2000002a   Section        8  rc_command.o(.data)
    rc_command                               0x2000002a   Data           8  rc_command.o(.data)
    .data                                    0x20000034   Section       22  freertos.o(.data)
    .data                                    0x2000004c   Section       12  stm32f4xx_it.o(.data)
    usart1count                              0x2000004c   Data           2  stm32f4xx_it.o(.data)
    timer2count                              0x20000050   Data           4  stm32f4xx_it.o(.data)
    servocont                                0x20000054   Data           4  stm32f4xx_it.o(.data)
    .data                                    0x20000058   Section       12  stm32f4xx_hal.o(.data)
    .data                                    0x20000064   Section        4  system_stm32f4xx.o(.data)
    .data                                    0x20000068   Section       60  tasks.o(.data)
    uxDeletedTasksWaitingCleanUp             0x2000006c   Data           4  tasks.o(.data)
    uxCurrentNumberOfTasks                   0x20000070   Data           4  tasks.o(.data)
    xTickCount                               0x20000074   Data           4  tasks.o(.data)
    uxTopReadyPriority                       0x20000078   Data           4  tasks.o(.data)
    xSchedulerRunning                        0x2000007c   Data           4  tasks.o(.data)
    xPendedTicks                             0x20000080   Data           4  tasks.o(.data)
    xYieldPending                            0x20000084   Data           4  tasks.o(.data)
    xNumOfOverflows                          0x20000088   Data           4  tasks.o(.data)
    uxTaskNumber                             0x2000008c   Data           4  tasks.o(.data)
    xNextTaskUnblockTime                     0x20000090   Data           4  tasks.o(.data)
    xIdleTaskHandle                          0x20000094   Data           4  tasks.o(.data)
    uxSchedulerSuspended                     0x20000098   Data           4  tasks.o(.data)
    pxDelayedTaskList                        0x2000009c   Data           4  tasks.o(.data)
    pxOverflowDelayedTaskList                0x200000a0   Data           4  tasks.o(.data)
    .data                                    0x200000a4   Section       20  timers.o(.data)
    xTimerQueue                              0x200000a4   Data           4  timers.o(.data)
    xTimerTaskHandle                         0x200000a8   Data           4  timers.o(.data)
    xLastTime                                0x200000ac   Data           4  timers.o(.data)
    pxCurrentTimerList                       0x200000b0   Data           4  timers.o(.data)
    pxOverflowTimerList                      0x200000b4   Data           4  timers.o(.data)
    .data                                    0x200000b8   Section        4  cmsis_os2.o(.data)
    KernelState                              0x200000b8   Data           4  cmsis_os2.o(.data)
    .data                                    0x200000bc   Section       32  heap_4.o(.data)
    pxEnd                                    0x200000bc   Data           4  heap_4.o(.data)
    xFreeBytesRemaining                      0x200000c0   Data           4  heap_4.o(.data)
    xMinimumEverFreeBytesRemaining           0x200000c4   Data           4  heap_4.o(.data)
    xNumberOfSuccessfulAllocations           0x200000c8   Data           4  heap_4.o(.data)
    xNumberOfSuccessfulFrees                 0x200000cc   Data           4  heap_4.o(.data)
    xBlockAllocatedBit                       0x200000d0   Data           4  heap_4.o(.data)
    xStart                                   0x200000d4   Data           8  heap_4.o(.data)
    .data                                    0x200000dc   Section       12  port.o(.data)
    ucMaxSysCallPriority                     0x200000dc   Data           1  port.o(.data)
    uxCriticalNesting                        0x200000e0   Data           4  port.o(.data)
    ulMaxPRIGROUPValue                       0x200000e4   Data           4  port.o(.data)
    .bss                                     0x200000e8   Section      544  wit_c_sdk.o(.bss)
    s_ucWitDataBuff                          0x200000e8   Data         256  wit_c_sdk.o(.bss)
    .bss                                     0x20000308   Section      128  mate_math.o(.bss)
    .bss                                     0x20000388   Section       32  motor_control.o(.bss)
    .bss                                     0x200003a8   Section      360  state_control.o(.bss)
    AngleExcept                              0x200004f8   Data          12  state_control.o(.bss)
    AngleRateExcept                          0x20000504   Data          12  state_control.o(.bss)
    .bss                                     0x20000510   Section       36  attitude.o(.bss)
    .bss                                     0x20000534   Section       40  rc_command.o(.bss)
    .bss                                     0x2000055c   Section       70  freertos.o(.bss)
    .bss                                     0x200005a4   Section      288  tim.o(.bss)
    .bss                                     0x200006c4   Section      408  usart.o(.bss)
    .bss                                     0x2000085c   Section       92  stm32f4xx_it.o(.bss)
    RCcommandtemp                            0x200008a0   Data          24  stm32f4xx_it.o(.bss)
    .bss                                     0x200008b8   Section       72  stm32f4xx_hal_timebase_tim.o(.bss)
    .bss                                     0x20000900   Section       64  queue.o(.bss)
    .bss                                     0x20000940   Section     1220  tasks.o(.bss)
    pxReadyTasksLists                        0x20000940   Data        1120  tasks.o(.bss)
    xDelayedTaskList1                        0x20000da0   Data          20  tasks.o(.bss)
    xDelayedTaskList2                        0x20000db4   Data          20  tasks.o(.bss)
    xPendingReadyList                        0x20000dc8   Data          20  tasks.o(.bss)
    xTasksWaitingTermination                 0x20000ddc   Data          20  tasks.o(.bss)
    xSuspendedTaskList                       0x20000df0   Data          20  tasks.o(.bss)
    .bss                                     0x20000e04   Section      280  timers.o(.bss)
    xStaticTimerQueue                        0x20000e04   Data          80  timers.o(.bss)
    ucStaticTimerQueueStorage                0x20000e54   Data         160  timers.o(.bss)
    xActiveTimerList1                        0x20000ef4   Data          20  timers.o(.bss)
    xActiveTimerList2                        0x20000f08   Data          20  timers.o(.bss)
    .bss                                     0x20000f1c   Section     1720  cmsis_os2.o(.bss)
    Idle_TCB                                 0x20000f1c   Data          92  cmsis_os2.o(.bss)
    Idle_Stack                               0x20000f78   Data         512  cmsis_os2.o(.bss)
    Timer_TCB                                0x20001178   Data          92  cmsis_os2.o(.bss)
    Timer_Stack                              0x200011d4   Data        1024  cmsis_os2.o(.bss)
    .bss                                     0x200015d4   Section    15360  heap_4.o(.bss)
    ucHeap                                   0x200015d4   Data       15360  heap_4.o(.bss)
    STACK                                    0x200051d8   Section     1024  startup_stm32f405xx.o(STACK)

    Global Symbols

    Symbol Name                              Value     Ov Type        Size  Object(Section)

    BuildAttributes$$THM_ISAv4$E$P$D$K$B$S$7EM$VFPi3$EXTD16$VFPS$VFMA$PE$A:L22UL41UL21$X:L11$S22US41US21$IEEE1$IW$USESV6$~STKCKD$USESV7$~SHL$OSPACE$ROPI$EBA8$MICROLIB$REQ8$PRES8$EABIv2 0x00000000   Number         0  anon$$obj.o ABSOLUTE
    __ARM_use_no_argv                        0x00000000   Number         0  main.o ABSOLUTE
    _printf_a                                0x00000000   Number         0  stubs.o ABSOLUTE
    _printf_c                                0x00000000   Number         0  stubs.o ABSOLUTE
    _printf_charcount                        0x00000000   Number         0  stubs.o ABSOLUTE
    _printf_d                                0x00000000   Number         0  stubs.o ABSOLUTE
    _printf_e                                0x00000000   Number         0  stubs.o ABSOLUTE
    _printf_f                                0x00000000   Number         0  stubs.o ABSOLUTE
    _printf_flags                            0x00000000   Number         0  stubs.o ABSOLUTE
    _printf_fp_dec                           0x00000000   Number         0  stubs.o ABSOLUTE
    _printf_fp_hex                           0x00000000   Number         0  stubs.o ABSOLUTE
    _printf_g                                0x00000000   Number         0  stubs.o ABSOLUTE
    _printf_i                                0x00000000   Number         0  stubs.o ABSOLUTE
    _printf_int_dec                          0x00000000   Number         0  stubs.o ABSOLUTE
    _printf_l                                0x00000000   Number         0  stubs.o ABSOLUTE
    _printf_lc                               0x00000000   Number         0  stubs.o ABSOLUTE
    _printf_ll                               0x00000000   Number         0  stubs.o ABSOLUTE
    _printf_lld                              0x00000000   Number         0  stubs.o ABSOLUTE
    _printf_lli                              0x00000000   Number         0  stubs.o ABSOLUTE
    _printf_llo                              0x00000000   Number         0  stubs.o ABSOLUTE
    _printf_llu                              0x00000000   Number         0  stubs.o ABSOLUTE
    _printf_llx                              0x00000000   Number         0  stubs.o ABSOLUTE
    _printf_longlong_dec                     0x00000000   Number         0  stubs.o ABSOLUTE
    _printf_longlong_hex                     0x00000000   Number         0  stubs.o ABSOLUTE
    _printf_longlong_oct                     0x00000000   Number         0  stubs.o ABSOLUTE
    _printf_ls                               0x00000000   Number         0  stubs.o ABSOLUTE
    _printf_mbtowc                           0x00000000   Number         0  stubs.o ABSOLUTE
    _printf_n                                0x00000000   Number         0  stubs.o ABSOLUTE
    _printf_o                                0x00000000   Number         0  stubs.o ABSOLUTE
    _printf_p                                0x00000000   Number         0  stubs.o ABSOLUTE
    _printf_percent                          0x00000000   Number         0  stubs.o ABSOLUTE
    _printf_pre_padding                      0x00000000   Number         0  stubs.o ABSOLUTE
    _printf_return_value                     0x00000000   Number         0  stubs.o ABSOLUTE
    _printf_s                                0x00000000   Number         0  stubs.o ABSOLUTE
    _printf_sizespec                         0x00000000   Number         0  stubs.o ABSOLUTE
    _printf_str                              0x00000000   Number         0  stubs.o ABSOLUTE
    _printf_truncate_signed                  0x00000000   Number         0  stubs.o ABSOLUTE
    _printf_truncate_unsigned                0x00000000   Number         0  stubs.o ABSOLUTE
    _printf_u                                0x00000000   Number         0  stubs.o ABSOLUTE
    _printf_wc                               0x00000000   Number         0  stubs.o ABSOLUTE
    _printf_wctomb                           0x00000000   Number         0  stubs.o ABSOLUTE
    _printf_widthprec                        0x00000000   Number         0  stubs.o ABSOLUTE
    _printf_x                                0x00000000   Number         0  stubs.o ABSOLUTE
    __cpp_initialize__aeabi_                  - Undefined Weak Reference
    __cxa_finalize                            - Undefined Weak Reference
    __decompress                              - Undefined Weak Reference
    _clock_init                               - Undefined Weak Reference
    _microlib_exit                            - Undefined Weak Reference
    __Vectors_Size                           0x00000188   Number         0  startup_stm32f405xx.o ABSOLUTE
    __Vectors                                0x08000000   Data           4  startup_stm32f405xx.o(RESET)
    __Vectors_End                            0x08000188   Data           0  startup_stm32f405xx.o(RESET)
    __main                                   0x08000189   Thumb Code     0  entry.o(.ARM.Collect$$$$00000000)
    _main_stk                                0x08000189   Thumb Code     0  entry2.o(.ARM.Collect$$$$00000001)
    _main_scatterload                        0x0800018d   Thumb Code     0  entry5.o(.ARM.Collect$$$$00000004)
    __main_after_scatterload                 0x08000191   Thumb Code     0  entry5.o(.ARM.Collect$$$$00000004)
    _main_clock                              0x08000191   Thumb Code     0  entry7b.o(.ARM.Collect$$$$00000008)
    _main_cpp_init                           0x08000191   Thumb Code     0  entry8b.o(.ARM.Collect$$$$0000000A)
    _main_init                               0x08000191   Thumb Code     0  entry9a.o(.ARM.Collect$$$$0000000B)
    __rt_final_cpp                           0x08000199   Thumb Code     0  entry10a.o(.ARM.Collect$$$$0000000D)
    __rt_final_exit                          0x08000199   Thumb Code     0  entry11a.o(.ARM.Collect$$$$0000000F)
    SVC_Handler                              0x0800019d   Thumb Code    28  port.o(.emb_text)
    __asm___6_port_c_39a90d8d__prvStartFirstTask 0x080001bd   Thumb Code    36  port.o(.emb_text)
    __asm___6_port_c_39a90d8d__prvEnableVFP  0x080001e5   Thumb Code    16  port.o(.emb_text)
    PendSV_Handler                           0x080001f9   Thumb Code    88  port.o(.emb_text)
    vPortGetIPSR                             0x08000255   Thumb Code     6  port.o(.emb_text)
    Reset_Handler                            0x0800025d   Thumb Code     8  startup_stm32f405xx.o(.text)
    ADC_IRQHandler                           0x08000277   Thumb Code     0  startup_stm32f405xx.o(.text)
    CAN1_RX0_IRQHandler                      0x08000277   Thumb Code     0  startup_stm32f405xx.o(.text)
    CAN1_RX1_IRQHandler                      0x08000277   Thumb Code     0  startup_stm32f405xx.o(.text)
    CAN1_SCE_IRQHandler                      0x08000277   Thumb Code     0  startup_stm32f405xx.o(.text)
    CAN1_TX_IRQHandler                       0x08000277   Thumb Code     0  startup_stm32f405xx.o(.text)
    CAN2_RX0_IRQHandler                      0x08000277   Thumb Code     0  startup_stm32f405xx.o(.text)
    CAN2_RX1_IRQHandler                      0x08000277   Thumb Code     0  startup_stm32f405xx.o(.text)
    CAN2_SCE_IRQHandler                      0x08000277   Thumb Code     0  startup_stm32f405xx.o(.text)
    CAN2_TX_IRQHandler                       0x08000277   Thumb Code     0  startup_stm32f405xx.o(.text)
    DMA1_Stream0_IRQHandler                  0x08000277   Thumb Code     0  startup_stm32f405xx.o(.text)
    DMA1_Stream1_IRQHandler                  0x08000277   Thumb Code     0  startup_stm32f405xx.o(.text)
    DMA1_Stream2_IRQHandler                  0x08000277   Thumb Code     0  startup_stm32f405xx.o(.text)
    DMA1_Stream3_IRQHandler                  0x08000277   Thumb Code     0  startup_stm32f405xx.o(.text)
    DMA1_Stream4_IRQHandler                  0x08000277   Thumb Code     0  startup_stm32f405xx.o(.text)
    DMA1_Stream5_IRQHandler                  0x08000277   Thumb Code     0  startup_stm32f405xx.o(.text)
    DMA1_Stream6_IRQHandler                  0x08000277   Thumb Code     0  startup_stm32f405xx.o(.text)
    DMA1_Stream7_IRQHandler                  0x08000277   Thumb Code     0  startup_stm32f405xx.o(.text)
    DMA2_Stream0_IRQHandler                  0x08000277   Thumb Code     0  startup_stm32f405xx.o(.text)
    DMA2_Stream3_IRQHandler                  0x08000277   Thumb Code     0  startup_stm32f405xx.o(.text)
    DMA2_Stream4_IRQHandler                  0x08000277   Thumb Code     0  startup_stm32f405xx.o(.text)
    DMA2_Stream5_IRQHandler                  0x08000277   Thumb Code     0  startup_stm32f405xx.o(.text)
    DMA2_Stream6_IRQHandler                  0x08000277   Thumb Code     0  startup_stm32f405xx.o(.text)
    DMA2_Stream7_IRQHandler                  0x08000277   Thumb Code     0  startup_stm32f405xx.o(.text)
    EXTI0_IRQHandler                         0x08000277   Thumb Code     0  startup_stm32f405xx.o(.text)
    EXTI15_10_IRQHandler                     0x08000277   Thumb Code     0  startup_stm32f405xx.o(.text)
    EXTI1_IRQHandler                         0x08000277   Thumb Code     0  startup_stm32f405xx.o(.text)
    EXTI2_IRQHandler                         0x08000277   Thumb Code     0  startup_stm32f405xx.o(.text)
    EXTI3_IRQHandler                         0x08000277   Thumb Code     0  startup_stm32f405xx.o(.text)
    EXTI4_IRQHandler                         0x08000277   Thumb Code     0  startup_stm32f405xx.o(.text)
    EXTI9_5_IRQHandler                       0x08000277   Thumb Code     0  startup_stm32f405xx.o(.text)
    FLASH_IRQHandler                         0x08000277   Thumb Code     0  startup_stm32f405xx.o(.text)
    FMC_IRQHandler                           0x08000277   Thumb Code     0  startup_stm32f405xx.o(.text)
    FPU_IRQHandler                           0x08000277   Thumb Code     0  startup_stm32f405xx.o(.text)
    HASH_RNG_IRQHandler                      0x08000277   Thumb Code     0  startup_stm32f405xx.o(.text)
    I2C1_ER_IRQHandler                       0x08000277   Thumb Code     0  startup_stm32f405xx.o(.text)
    I2C1_EV_IRQHandler                       0x08000277   Thumb Code     0  startup_stm32f405xx.o(.text)
    I2C2_ER_IRQHandler                       0x08000277   Thumb Code     0  startup_stm32f405xx.o(.text)
    I2C2_EV_IRQHandler                       0x08000277   Thumb Code     0  startup_stm32f405xx.o(.text)
    I2C3_ER_IRQHandler                       0x08000277   Thumb Code     0  startup_stm32f405xx.o(.text)
    I2C3_EV_IRQHandler                       0x08000277   Thumb Code     0  startup_stm32f405xx.o(.text)
    OTG_FS_IRQHandler                        0x08000277   Thumb Code     0  startup_stm32f405xx.o(.text)
    OTG_FS_WKUP_IRQHandler                   0x08000277   Thumb Code     0  startup_stm32f405xx.o(.text)
    OTG_HS_EP1_IN_IRQHandler                 0x08000277   Thumb Code     0  startup_stm32f405xx.o(.text)
    OTG_HS_EP1_OUT_IRQHandler                0x08000277   Thumb Code     0  startup_stm32f405xx.o(.text)
    OTG_HS_IRQHandler                        0x08000277   Thumb Code     0  startup_stm32f405xx.o(.text)
    OTG_HS_WKUP_IRQHandler                   0x08000277   Thumb Code     0  startup_stm32f405xx.o(.text)
    PVD_IRQHandler                           0x08000277   Thumb Code     0  startup_stm32f405xx.o(.text)
    RCC_IRQHandler                           0x08000277   Thumb Code     0  startup_stm32f405xx.o(.text)
    RTC_Alarm_IRQHandler                     0x08000277   Thumb Code     0  startup_stm32f405xx.o(.text)
    RTC_WKUP_IRQHandler                      0x08000277   Thumb Code     0  startup_stm32f405xx.o(.text)
    SDIO_IRQHandler                          0x08000277   Thumb Code     0  startup_stm32f405xx.o(.text)
    SPI1_IRQHandler                          0x08000277   Thumb Code     0  startup_stm32f405xx.o(.text)
    SPI2_IRQHandler                          0x08000277   Thumb Code     0  startup_stm32f405xx.o(.text)
    SPI3_IRQHandler                          0x08000277   Thumb Code     0  startup_stm32f405xx.o(.text)
    TAMP_STAMP_IRQHandler                    0x08000277   Thumb Code     0  startup_stm32f405xx.o(.text)
    TIM1_BRK_TIM9_IRQHandler                 0x08000277   Thumb Code     0  startup_stm32f405xx.o(.text)
    TIM1_CC_IRQHandler                       0x08000277   Thumb Code     0  startup_stm32f405xx.o(.text)
    TIM1_TRG_COM_TIM11_IRQHandler            0x08000277   Thumb Code     0  startup_stm32f405xx.o(.text)
    TIM1_UP_TIM10_IRQHandler                 0x08000277   Thumb Code     0  startup_stm32f405xx.o(.text)
    TIM3_IRQHandler                          0x08000277   Thumb Code     0  startup_stm32f405xx.o(.text)
    TIM4_IRQHandler                          0x08000277   Thumb Code     0  startup_stm32f405xx.o(.text)
    TIM5_IRQHandler                          0x08000277   Thumb Code     0  startup_stm32f405xx.o(.text)
    TIM7_IRQHandler                          0x08000277   Thumb Code     0  startup_stm32f405xx.o(.text)
    TIM8_BRK_TIM12_IRQHandler                0x08000277   Thumb Code     0  startup_stm32f405xx.o(.text)
    TIM8_CC_IRQHandler                       0x08000277   Thumb Code     0  startup_stm32f405xx.o(.text)
    TIM8_TRG_COM_TIM14_IRQHandler            0x08000277   Thumb Code     0  startup_stm32f405xx.o(.text)
    TIM8_UP_TIM13_IRQHandler                 0x08000277   Thumb Code     0  startup_stm32f405xx.o(.text)
    UART4_IRQHandler                         0x08000277   Thumb Code     0  startup_stm32f405xx.o(.text)
    UART5_IRQHandler                         0x08000277   Thumb Code     0  startup_stm32f405xx.o(.text)
    USART2_IRQHandler                        0x08000277   Thumb Code     0  startup_stm32f405xx.o(.text)
    USART3_IRQHandler                        0x08000277   Thumb Code     0  startup_stm32f405xx.o(.text)
    WWDG_IRQHandler                          0x08000277   Thumb Code     0  startup_stm32f405xx.o(.text)
    __aeabi_uldivmod                         0x08000281   Thumb Code    98  uldiv.o(.text)
    __aeabi_memcpy                           0x080002e3   Thumb Code    36  memcpya.o(.text)
    __aeabi_memcpy4                          0x080002e3   Thumb Code     0  memcpya.o(.text)
    __aeabi_memcpy8                          0x080002e3   Thumb Code     0  memcpya.o(.text)
    __aeabi_memset                           0x08000307   Thumb Code    14  memseta.o(.text)
    __aeabi_memset4                          0x08000307   Thumb Code     0  memseta.o(.text)
    __aeabi_memset8                          0x08000307   Thumb Code     0  memseta.o(.text)
    __aeabi_memclr                           0x08000315   Thumb Code     4  memseta.o(.text)
    __aeabi_memclr4                          0x08000315   Thumb Code     0  memseta.o(.text)
    __aeabi_memclr8                          0x08000315   Thumb Code     0  memseta.o(.text)
    memset                                   0x08000319   Thumb Code    18  memseta.o(.text)
    __aeabi_llsl                             0x0800032b   Thumb Code    30  llshl.o(.text)
    _ll_shift_l                              0x0800032b   Thumb Code     0  llshl.o(.text)
    __aeabi_llsr                             0x08000349   Thumb Code    32  llushr.o(.text)
    _ll_ushift_r                             0x08000349   Thumb Code     0  llushr.o(.text)
    __scatterload                            0x08000369   Thumb Code    28  init.o(.text)
    __scatterload_rt2                        0x08000369   Thumb Code     0  init.o(.text)
    Ascii_ChangeFuc_Init                     0x08000491   Thumb Code    82  mate_math.o(i.Ascii_ChangeFuc_Init)
    Attitude_Control                         0x080004e9   Thumb Code   106  freertos.o(i.Attitude_Control)
    BusFault_Handler                         0x08000561   Thumb Code     2  stm32f4xx_it.o(i.BusFault_Handler)
    DMA2_Stream1_IRQHandler                  0x08000619   Thumb Code     6  stm32f4xx_it.o(i.DMA2_Stream1_IRQHandler)
    DMA2_Stream2_IRQHandler                  0x08000625   Thumb Code     6  stm32f4xx_it.o(i.DMA2_Stream2_IRQHandler)
    DebugMon_Handler                         0x080006d5   Thumb Code     2  stm32f4xx_it.o(i.DebugMon_Handler)
    Error_Handler                            0x080006d7   Thumb Code     4  main.o(i.Error_Handler)
    GetNumSymbol                             0x080006db   Thumb Code    32  mate_math.o(i.GetNumSymbol)
    GetServoAngle                            0x080006fd   Thumb Code     6  stm32f4xx_it.o(i.GetServoAngle)
    GetUsart1Count                           0x08000709   Thumb Code     6  stm32f4xx_it.o(i.GetUsart1Count)
    Get_Attitude_Update                      0x08000715   Thumb Code   258  attitude.o(i.Get_Attitude_Update)
    Getrccommandtemp                         0x08000831   Thumb Code     6  stm32f4xx_it.o(i.Getrccommandtemp)
    HAL_DMA_Abort                            0x0800083d   Thumb Code   146  stm32f4xx_hal_dma.o(i.HAL_DMA_Abort)
    HAL_DMA_Abort_IT                         0x080008cf   Thumb Code    36  stm32f4xx_hal_dma.o(i.HAL_DMA_Abort_IT)
    HAL_DMA_IRQHandler                       0x080008f5   Thumb Code   412  stm32f4xx_hal_dma.o(i.HAL_DMA_IRQHandler)
    HAL_DMA_Init                             0x08000a95   Thumb Code   206  stm32f4xx_hal_dma.o(i.HAL_DMA_Init)
    HAL_DMA_Start_IT                         0x08000b69   Thumb Code   110  stm32f4xx_hal_dma.o(i.HAL_DMA_Start_IT)
    HAL_GPIO_Init                            0x08000bd9   Thumb Code   450  stm32f4xx_hal_gpio.o(i.HAL_GPIO_Init)
    HAL_GPIO_WritePin                        0x08000dc9   Thumb Code    10  stm32f4xx_hal_gpio.o(i.HAL_GPIO_WritePin)
    HAL_GetTick                              0x08000dd5   Thumb Code     6  stm32f4xx_hal.o(i.HAL_GetTick)
    HAL_IncTick                              0x08000de1   Thumb Code    12  stm32f4xx_hal.o(i.HAL_IncTick)
    HAL_Init                                 0x08000df1   Thumb Code    48  stm32f4xx_hal.o(i.HAL_Init)
    HAL_InitTick                             0x08000e25   Thumb Code   132  stm32f4xx_hal_timebase_tim.o(i.HAL_InitTick)
    HAL_MspInit                              0x08000ebd   Thumb Code    52  stm32f4xx_hal_msp.o(i.HAL_MspInit)
    HAL_NVIC_EnableIRQ                       0x08000ef5   Thumb Code    26  stm32f4xx_hal_cortex.o(i.HAL_NVIC_EnableIRQ)
    HAL_NVIC_SetPriority                     0x08000f11   Thumb Code    60  stm32f4xx_hal_cortex.o(i.HAL_NVIC_SetPriority)
    HAL_NVIC_SetPriorityGrouping             0x08000f51   Thumb Code    26  stm32f4xx_hal_cortex.o(i.HAL_NVIC_SetPriorityGrouping)
    HAL_RCC_ClockConfig                      0x08000f75   Thumb Code   288  stm32f4xx_hal_rcc.o(i.HAL_RCC_ClockConfig)
    HAL_RCC_GetClockConfig                   0x080010a9   Thumb Code    54  stm32f4xx_hal_rcc.o(i.HAL_RCC_GetClockConfig)
    HAL_RCC_GetPCLK1Freq                     0x080010e9   Thumb Code    20  stm32f4xx_hal_rcc.o(i.HAL_RCC_GetPCLK1Freq)
    HAL_RCC_GetPCLK2Freq                     0x08001109   Thumb Code    20  stm32f4xx_hal_rcc.o(i.HAL_RCC_GetPCLK2Freq)
    HAL_RCC_GetSysClockFreq                  0x08001129   Thumb Code    88  stm32f4xx_hal_rcc.o(i.HAL_RCC_GetSysClockFreq)
    HAL_RCC_OscConfig                        0x08001189   Thumb Code   856  stm32f4xx_hal_rcc.o(i.HAL_RCC_OscConfig)
    HAL_TIMEx_BreakCallback                  0x080014f5   Thumb Code     2  stm32f4xx_hal_tim_ex.o(i.HAL_TIMEx_BreakCallback)
    HAL_TIMEx_CommutCallback                 0x080014f7   Thumb Code     2  stm32f4xx_hal_tim_ex.o(i.HAL_TIMEx_CommutCallback)
    HAL_TIMEx_MasterConfigSynchronization    0x080014f9   Thumb Code   116  stm32f4xx_hal_tim_ex.o(i.HAL_TIMEx_MasterConfigSynchronization)
    HAL_TIM_Base_Init                        0x08001589   Thumb Code    90  stm32f4xx_hal_tim.o(i.HAL_TIM_Base_Init)
    HAL_TIM_Base_MspInit                     0x080015e5   Thumb Code    50  tim.o(i.HAL_TIM_Base_MspInit)
    HAL_TIM_Base_Start_IT                    0x0800161d   Thumb Code   100  stm32f4xx_hal_tim.o(i.HAL_TIM_Base_Start_IT)
    HAL_TIM_ConfigClockSource                0x0800169d   Thumb Code   220  stm32f4xx_hal_tim.o(i.HAL_TIM_ConfigClockSource)
    HAL_TIM_IC_CaptureCallback               0x08001779   Thumb Code     2  stm32f4xx_hal_tim.o(i.HAL_TIM_IC_CaptureCallback)
    HAL_TIM_IRQHandler                       0x0800177b   Thumb Code   304  stm32f4xx_hal_tim.o(i.HAL_TIM_IRQHandler)
    HAL_TIM_MspPostInit                      0x080018ad   Thumb Code   178  tim.o(i.HAL_TIM_MspPostInit)
    HAL_TIM_OC_DelayElapsedCallback          0x08001979   Thumb Code     2  stm32f4xx_hal_tim.o(i.HAL_TIM_OC_DelayElapsedCallback)
    HAL_TIM_PWM_ConfigChannel                0x0800197b   Thumb Code   204  stm32f4xx_hal_tim.o(i.HAL_TIM_PWM_ConfigChannel)
    HAL_TIM_PWM_Init                         0x08001a47   Thumb Code    90  stm32f4xx_hal_tim.o(i.HAL_TIM_PWM_Init)
    HAL_TIM_PWM_MspInit                      0x08001aa1   Thumb Code    74  tim.o(i.HAL_TIM_PWM_MspInit)
    HAL_TIM_PWM_PulseFinishedCallback        0x08001afd   Thumb Code     2  stm32f4xx_hal_tim.o(i.HAL_TIM_PWM_PulseFinishedCallback)
    HAL_TIM_PWM_Start                        0x08001b01   Thumb Code   172  stm32f4xx_hal_tim.o(i.HAL_TIM_PWM_Start)
    HAL_TIM_PeriodElapsedCallback            0x08001bc9   Thumb Code    14  main.o(i.HAL_TIM_PeriodElapsedCallback)
    HAL_TIM_TriggerCallback                  0x08001bdd   Thumb Code     2  stm32f4xx_hal_tim.o(i.HAL_TIM_TriggerCallback)
    HAL_UARTEx_RxEventCallback               0x08001bdf   Thumb Code     2  stm32f4xx_hal_uart.o(i.HAL_UARTEx_RxEventCallback)
    HAL_UART_DMAStop                         0x08001be1   Thumb Code   112  stm32f4xx_hal_uart.o(i.HAL_UART_DMAStop)
    HAL_UART_ErrorCallback                   0x08001c51   Thumb Code     2  stm32f4xx_hal_uart.o(i.HAL_UART_ErrorCallback)
    HAL_UART_IRQHandler                      0x08001c55   Thumb Code   618  stm32f4xx_hal_uart.o(i.HAL_UART_IRQHandler)
    HAL_UART_Init                            0x08001ec5   Thumb Code   100  stm32f4xx_hal_uart.o(i.HAL_UART_Init)
    HAL_UART_MspInit                         0x08001f29   Thumb Code   360  usart.o(i.HAL_UART_MspInit)
    HAL_UART_Receive_DMA                     0x080020b1   Thumb Code    28  stm32f4xx_hal_uart.o(i.HAL_UART_Receive_DMA)
    HAL_UART_RxCpltCallback                  0x080020cd   Thumb Code     2  stm32f4xx_it.o(i.HAL_UART_RxCpltCallback)
    HAL_UART_RxHalfCpltCallback              0x080020cf   Thumb Code     2  stm32f4xx_hal_uart.o(i.HAL_UART_RxHalfCpltCallback)
    HAL_UART_Transmit                        0x080020d1   Thumb Code   160  stm32f4xx_hal_uart.o(i.HAL_UART_Transmit)
    HAL_UART_TxCpltCallback                  0x08002171   Thumb Code     2  stm32f4xx_hal_uart.o(i.HAL_UART_TxCpltCallback)
    HardFault_Handler                        0x08002175   Thumb Code    26  stm32f4xx_it.o(i.HardFault_Handler)
    MX_DMA_Init                              0x08002199   Thumb Code    56  dma.o(i.MX_DMA_Init)
    MX_FREERTOS_Init                         0x080021d5   Thumb Code    94  freertos.o(i.MX_FREERTOS_Init)
    MX_GPIO_Init                             0x08002255   Thumb Code   164  gpio.o(i.MX_GPIO_Init)
    MX_TIM12_Init                            0x08002305   Thumb Code   126  tim.o(i.MX_TIM12_Init)
    MX_TIM2_Init                             0x0800238d   Thumb Code    96  tim.o(i.MX_TIM2_Init)
    MX_TIM3_Init                             0x080023f1   Thumb Code   200  tim.o(i.MX_TIM3_Init)
    MX_TIM4_Init                             0x080024c1   Thumb Code   148  tim.o(i.MX_TIM4_Init)
    MX_USART1_UART_Init                      0x0800255d   Thumb Code    48  usart.o(i.MX_USART1_UART_Init)
    MX_USART2_UART_Init                      0x08002595   Thumb Code    48  usart.o(i.MX_USART2_UART_Init)
    MX_USART6_UART_Init                      0x080025cd   Thumb Code    48  usart.o(i.MX_USART6_UART_Init)
    MemManage_Handler                        0x08002605   Thumb Code     2  stm32f4xx_it.o(i.MemManage_Handler)
    Motor_Control                            0x0800263d   Thumb Code   160  motor_control.o(i.Motor_Control)
    Motor_Init                               0x08002ac9   Thumb Code    70  motor_control.o(i.Motor_Init)
    Motor_LostProtect                        0x08002b1d   Thumb Code    44  motor_control.o(i.Motor_LostProtect)
    NMI_Handler                              0x08002b55   Thumb Code     2  stm32f4xx_it.o(i.NMI_Handler)
    PID_Init                                 0x08002b57   Thumb Code     4  state_control.o(i.PID_Init)
    RC_CommandRecive                         0x08002bc5   Thumb Code   130  rc_command.o(i.RC_CommandRecive)
    RobLightOff                              0x08002c51   Thumb Code    28  led.o(i.RobLightOff)
    RobLightOn                               0x08002c71   Thumb Code    28  led.o(i.RobLightOn)
    State_Control                            0x08002d1d   Thumb Code   150  state_control.o(i.State_Control)
    SysTick_Handler                          0x08002db9   Thumb Code    26  cmsis_os2.o(i.SysTick_Handler)
    SystemClock_Config                       0x08002dd5   Thumb Code   138  main.o(i.SystemClock_Config)
    SystemInit                               0x08002e69   Thumb Code    12  system_stm32f4xx.o(i.SystemInit)
    TIM2_IRQHandler                          0x08002e79   Thumb Code    66  stm32f4xx_it.o(i.TIM2_IRQHandler)
    TIM6_DAC_IRQHandler                      0x08002ec9   Thumb Code     6  stm32f4xx_it.o(i.TIM6_DAC_IRQHandler)
    TIM_Base_SetConfig                       0x08002ed5   Thumb Code   170  stm32f4xx_hal_tim.o(i.TIM_Base_SetConfig)
    TIM_CCxChannelCmd                        0x08002fad   Thumb Code    26  stm32f4xx_hal_tim.o(i.TIM_CCxChannelCmd)
    TIM_ETR_SetConfig                        0x08002fc7   Thumb Code    20  stm32f4xx_hal_tim.o(i.TIM_ETR_SetConfig)
    TIM_OC2_SetConfig                        0x0800304d   Thumb Code    98  stm32f4xx_hal_tim.o(i.TIM_OC2_SetConfig)
    Test                                     0x080031b7   Thumb Code     8  freertos.o(i.Test)
    UART_Start_Receive_DMA                   0x080034f5   Thumb Code   130  stm32f4xx_hal_uart.o(i.UART_Start_Receive_DMA)
    USART1_IRQHandler                        0x080035f9   Thumb Code   158  stm32f4xx_it.o(i.USART1_IRQHandler)
    USART6_IRQHandler                        0x080036ad   Thumb Code    54  stm32f4xx_it.o(i.USART6_IRQHandler)
    USART_Start                              0x080036ed   Thumb Code    64  freertos.o(i.USART_Start)
    UsageFault_Handler                       0x08003741   Thumb Code     2  stm32f4xx_it.o(i.UsageFault_Handler)
    Usart1_Check                             0x08003745   Thumb Code   120  freertos.o(i.Usart1_Check)
    WitInit                                  0x080037c5   Thumb Code    22  wit_c_sdk.o(i.WitInit)
    WitReadReg                               0x080037e1   Thumb Code   312  wit_c_sdk.o(i.WitReadReg)
    WitRegisterCallBack                      0x08003921   Thumb Code    16  wit_c_sdk.o(i.WitRegisterCallBack)
    WitSerialDataIn                          0x08003935   Thumb Code   244  wit_c_sdk.o(i.WitSerialDataIn)
    WitSerialWriteRegister                   0x08003a35   Thumb Code    16  wit_c_sdk.o(i.WitSerialWriteRegister)
    Wit_Sensor_Init                          0x08003a49   Thumb Code    72  attitude.o(i.Wit_Sensor_Init)
    __scatterload_copy                       0x08003aed   Thumb Code    14  handlers.o(i.__scatterload_copy)
    __scatterload_null                       0x08003afb   Thumb Code     2  handlers.o(i.__scatterload_null)
    __scatterload_zeroinit                   0x08003afd   Thumb Code    14  handlers.o(i.__scatterload_zeroinit)
    constrainf                               0x08003b0b   Thumb Code    32  mate_math.o(i.constrainf)
    eTaskGetState                            0x08003b2d   Thumb Code   106  tasks.o(i.eTaskGetState)
    main                                     0x08003ba1   Thumb Code    70  main.o(i.main)
    osDelay                                  0x08003bf1   Thumb Code    26  cmsis_os2.o(i.osDelay)
    osKernelGetTickCount                     0x08003c0b   Thumb Code    14  cmsis_os2.o(i.osKernelGetTickCount)
    osKernelInitialize                       0x08003c19   Thumb Code    32  cmsis_os2.o(i.osKernelInitialize)
    osKernelStart                            0x08003c3d   Thumb Code    48  cmsis_os2.o(i.osKernelStart)
    osThreadNew                              0x08003c75   Thumb Code   136  cmsis_os2.o(i.osThreadNew)
    osThreadTerminate                        0x08003cfd   Thumb Code    52  cmsis_os2.o(i.osThreadTerminate)
    pidInit                                  0x08003d31   Thumb Code    52  pid.o(i.pidInit)
    pidUpdate                                0x08003d69   Thumb Code   158  pid.o(i.pidUpdate)
    pvPortMalloc                             0x0800459d   Thumb Code   216  heap_4.o(i.pvPortMalloc)
    pxPortInitialiseStack                    0x08004679   Thumb Code    40  port.o(i.pxPortInitialiseStack)
    uxListRemove                             0x080046a5   Thumb Code    38  list.o(i.uxListRemove)
    vApplicationGetIdleTaskMemory            0x080046cd   Thumb Code    16  cmsis_os2.o(i.vApplicationGetIdleTaskMemory)
    vApplicationGetTimerTaskMemory           0x080046e1   Thumb Code    18  cmsis_os2.o(i.vApplicationGetTimerTaskMemory)
    vListInitialise                          0x080046f9   Thumb Code    22  list.o(i.vListInitialise)
    vListInitialiseItem                      0x0800470f   Thumb Code     6  list.o(i.vListInitialiseItem)
    vListInsert                              0x08004715   Thumb Code    48  list.o(i.vListInsert)
    vListInsertEnd                           0x08004745   Thumb Code    24  list.o(i.vListInsertEnd)
    vPortEnterCritical                       0x0800475d   Thumb Code    54  port.o(i.vPortEnterCritical)
    vPortExitCritical                        0x0800479d   Thumb Code    34  port.o(i.vPortExitCritical)
    vPortFree                                0x080047c5   Thumb Code    94  heap_4.o(i.vPortFree)
    vPortSetupTimerInterrupt                 0x08004829   Thumb Code    32  port.o(i.vPortSetupTimerInterrupt)
    vPortValidateInterruptPriority           0x0800484d   Thumb Code    74  port.o(i.vPortValidateInterruptPriority)
    vQueueAddToRegistry                      0x080048a1   Thumb Code    34  queue.o(i.vQueueAddToRegistry)
    vQueueWaitForMessageRestricted           0x080048c9   Thumb Code    68  queue.o(i.vQueueWaitForMessageRestricted)
    vTaskDelay                               0x0800490d   Thumb Code    66  tasks.o(i.vTaskDelay)
    vTaskDelayUntil                          0x08004959   Thumb Code   132  tasks.o(i.vTaskDelayUntil)
    vTaskDelete                              0x080049e5   Thumb Code   130  tasks.o(i.vTaskDelete)
    vTaskInternalSetTimeOutState             0x08004a75   Thumb Code    12  tasks.o(i.vTaskInternalSetTimeOutState)
    vTaskMissedYield                         0x08004a85   Thumb Code     8  tasks.o(i.vTaskMissedYield)
    vTaskPlaceOnEventList                    0x08004a91   Thumb Code    44  tasks.o(i.vTaskPlaceOnEventList)
    vTaskPlaceOnEventListRestricted          0x08004ac1   Thumb Code    52  tasks.o(i.vTaskPlaceOnEventListRestricted)
    vTaskStartScheduler                      0x08004af9   Thumb Code   118  tasks.o(i.vTaskStartScheduler)
    vTaskSuspendAll                          0x08004b81   Thumb Code    10  tasks.o(i.vTaskSuspendAll)
    vTaskSwitchContext                       0x08004b91   Thumb Code    90  tasks.o(i.vTaskSwitchContext)
    xPortStartScheduler                      0x08004bf5   Thumb Code   222  port.o(i.xPortStartScheduler)
    xPortSysTickHandler                      0x08004ce9   Thumb Code    38  port.o(i.xPortSysTickHandler)
    xQueueGenericCreateStatic                0x08004d15   Thumb Code   102  queue.o(i.xQueueGenericCreateStatic)
    xQueueGenericReset                       0x08004d7d   Thumb Code   132  queue.o(i.xQueueGenericReset)
    xQueueGenericSend                        0x08004e05   Thumb Code   346  queue.o(i.xQueueGenericSend)
    xQueueGenericSendFromISR                 0x08004f65   Thumb Code   190  queue.o(i.xQueueGenericSendFromISR)
    xQueueReceive                            0x08005025   Thumb Code   308  queue.o(i.xQueueReceive)
    xTaskCheckForTimeOut                     0x0800515d   Thumb Code   112  tasks.o(i.xTaskCheckForTimeOut)
    xTaskCreate                              0x080051d1   Thumb Code    90  tasks.o(i.xTaskCreate)
    xTaskCreateStatic                        0x0800522b   Thumb Code    86  tasks.o(i.xTaskCreateStatic)
    xTaskGetSchedulerState                   0x08005281   Thumb Code    22  tasks.o(i.xTaskGetSchedulerState)
    xTaskGetTickCount                        0x0800529d   Thumb Code     6  tasks.o(i.xTaskGetTickCount)
    xTaskGetTickCountFromISR                 0x080052a9   Thumb Code    12  tasks.o(i.xTaskGetTickCountFromISR)
    xTaskIncrementTick                       0x080052b9   Thumb Code   192  tasks.o(i.xTaskIncrementTick)
    xTaskPriorityDisinherit                  0x08005381   Thumb Code   118  tasks.o(i.xTaskPriorityDisinherit)
    xTaskRemoveFromEventList                 0x08005401   Thumb Code    98  tasks.o(i.xTaskRemoveFromEventList)
    xTaskResumeAll                           0x08005471   Thumb Code   182  tasks.o(i.xTaskResumeAll)
    xTimerCreateTimerTask                    0x08005535   Thumb Code    78  timers.o(i.xTimerCreateTimerTask)
    xTimerGenericCommand                     0x08005595   Thumb Code    98  timers.o(i.xTimerGenericCommand)
    test_attributes                          0x080057fc   Data          36  freertos.o(.constdata)
    AttitudeControl_attributes               0x08005820   Data          36  freertos.o(.constdata)
    USART1Check_attributes                   0x08005844   Data          36  freertos.o(.constdata)
    USARTStart_attributes                    0x08005868   Data          36  freertos.o(.constdata)
    AHBPrescTable                            0x08005894   Data          16  system_stm32f4xx.o(.constdata)
    APBPrescTable                            0x080058a4   Data           8  system_stm32f4xx.o(.constdata)
    Region$$Table$$Base                      0x080058dc   Number         0  anon$$obj.o(Region$$Table)
    Region$$Table$$Limit                     0x080058fc   Number         0  anon$$obj.o(Region$$Table)
    testHandle                               0x20000034   Data           4  freertos.o(.data)
    AttitudeControlHandle                    0x20000038   Data           4  freertos.o(.data)
    USART1CheckHandle                        0x2000003c   Data           4  freertos.o(.data)
    USARTStartHandle                         0x20000040   Data           4  freertos.o(.data)
    usart1count_temp                         0x20000044   Data           6  freertos.o(.data)
    uwTickFreq                               0x20000058   Data           1  stm32f4xx_hal.o(.data)
    uwTickPrio                               0x2000005c   Data           4  stm32f4xx_hal.o(.data)
    uwTick                                   0x20000060   Data           4  stm32f4xx_hal.o(.data)
    SystemCoreClock                          0x20000064   Data           4  system_stm32f4xx.o(.data)
    pxCurrentTCB                             0x20000068   Data           4  tasks.o(.data)
    sReg                                     0x200001e8   Data         288  wit_c_sdk.o(.bss)
    ascii_dictionary                         0x20000308   Data         128  mate_math.o(.bss)
    motor                                    0x20000388   Data          32  motor_control.o(.bss)
    pid                                      0x200003a8   Data         336  state_control.o(.bss)
    fAcc                                     0x20000510   Data          12  attitude.o(.bss)
    fGyro                                    0x2000051c   Data          12  attitude.o(.bss)
    fAngle                                   0x20000528   Data          12  attitude.o(.bss)
    shasshi                                  0x20000534   Data          40  rc_command.o(.bss)
    sensor_data                              0x2000055c   Data          36  freertos.o(.bss)
    angle_except                             0x20000580   Data          12  freertos.o(.bss)
    control                                  0x2000058c   Data          12  freertos.o(.bss)
    rc_translation                           0x20000598   Data          10  freertos.o(.bss)
    htim2                                    0x200005a4   Data          72  tim.o(.bss)
    htim3                                    0x200005ec   Data          72  tim.o(.bss)
    htim4                                    0x20000634   Data          72  tim.o(.bss)
    htim12                                   0x2000067c   Data          72  tim.o(.bss)
    huart1                                   0x200006c4   Data          72  usart.o(.bss)
    huart2                                   0x2000070c   Data          72  usart.o(.bss)
    huart6                                   0x20000754   Data          72  usart.o(.bss)
    hdma_usart1_rx                           0x2000079c   Data          96  usart.o(.bss)
    hdma_usart6_rx                           0x200007fc   Data          96  usart.o(.bss)
    aRxBuffer                                0x2000085c   Data          24  stm32f4xx_it.o(.bss)
    usart6_rxdata                            0x20000874   Data          44  stm32f4xx_it.o(.bss)
    htim6                                    0x200008b8   Data          72  stm32f4xx_hal_timebase_tim.o(.bss)
    xQueueRegistry                           0x20000900   Data          64  queue.o(.bss)
    __initial_sp                             0x200055d8   Data           0  startup_stm32f405xx.o(STACK)



==============================================================================

Memory Map of the image

  Image Entry point : 0x08000189

  Load Region LR_IROM1 (Base: 0x08000000, Size: 0x000059e4, Max: 0x00100000, ABSOLUTE)

    Execution Region ER_IROM1 (Base: 0x08000000, Size: 0x000058fc, Max: 0x00100000, ABSOLUTE)

    Base Addr    Size         Type   Attr      Idx    E Section Name        Object

    0x08000000   0x00000188   Data   RO            3    RESET               startup_stm32f405xx.o
    0x08000188   0x00000000   Code   RO         5549  * .ARM.Collect$$$$00000000  mc_w.l(entry.o)
    0x08000188   0x00000004   Code   RO         5827    .ARM.Collect$$$$00000001  mc_w.l(entry2.o)
    0x0800018c   0x00000004   Code   RO         5830    .ARM.Collect$$$$00000004  mc_w.l(entry5.o)
    0x08000190   0x00000000   Code   RO         5832    .ARM.Collect$$$$00000008  mc_w.l(entry7b.o)
    0x08000190   0x00000000   Code   RO         5834    .ARM.Collect$$$$0000000A  mc_w.l(entry8b.o)
    0x08000190   0x00000008   Code   RO         5835    .ARM.Collect$$$$0000000B  mc_w.l(entry9a.o)
    0x08000198   0x00000000   Code   RO         5837    .ARM.Collect$$$$0000000D  mc_w.l(entry10a.o)
    0x08000198   0x00000000   Code   RO         5839    .ARM.Collect$$$$0000000F  mc_w.l(entry11a.o)
    0x08000198   0x00000004   Code   RO         5828    .ARM.Collect$$$$00002712  mc_w.l(entry2.o)
    0x0800019c   0x000000be   Code   RO         5472    .emb_text           port.o
    0x0800025a   0x00000002   PAD
    0x0800025c   0x00000024   Code   RO            4    .text               startup_stm32f405xx.o
    0x08000280   0x00000062   Code   RO         5552    .text               mc_w.l(uldiv.o)
    0x080002e2   0x00000024   Code   RO         5554    .text               mc_w.l(memcpya.o)
    0x08000306   0x00000024   Code   RO         5558    .text               mc_w.l(memseta.o)
    0x0800032a   0x0000001e   Code   RO         5846    .text               mc_w.l(llshl.o)
    0x08000348   0x00000020   Code   RO         5848    .text               mc_w.l(llushr.o)
    0x08000368   0x00000024   Code   RO         5861    .text               mc_w.l(init.o)
    0x0800038c   0x00000104   Code   RO          529    i.All_PID_Init      state_control.o
    0x08000490   0x00000058   Code   RO          326    i.Ascii_ChangeFuc_Init  mate_math.o
    0x080004e8   0x00000078   Code   RO          831    i.Attitude_Control  freertos.o
    0x08000560   0x00000002   Code   RO         1075    i.BusFault_Handler  stm32f4xx_it.o
    0x08000562   0x00000002   PAD
    0x08000564   0x000000b4   Code   RO           11    i.CopeWitData       wit_c_sdk.o
    0x08000618   0x0000000c   Code   RO         1076    i.DMA2_Stream1_IRQHandler  stm32f4xx_it.o
    0x08000624   0x0000000c   Code   RO         1077    i.DMA2_Stream2_IRQHandler  stm32f4xx_it.o
    0x08000630   0x00000028   Code   RO         1731    i.DMA_CalcBaseAndBitshift  stm32f4xx_hal_dma.o
    0x08000658   0x00000054   Code   RO         1732    i.DMA_CheckFifoParam  stm32f4xx_hal_dma.o
    0x080006ac   0x00000028   Code   RO         1733    i.DMA_SetConfig     stm32f4xx_hal_dma.o
    0x080006d4   0x00000002   Code   RO         1078    i.DebugMon_Handler  stm32f4xx_it.o
    0x080006d6   0x00000004   Code   RO          714    i.Error_Handler     main.o
    0x080006da   0x00000020   Code   RO          327    i.GetNumSymbol      mate_math.o
    0x080006fa   0x00000002   PAD
    0x080006fc   0x0000000c   Code   RO         1079    i.GetServoAngle     stm32f4xx_it.o
    0x08000708   0x0000000c   Code   RO         1080    i.GetUsart1Count    stm32f4xx_it.o
    0x08000714   0x0000011c   Code   RO          615    i.Get_Attitude_Update  attitude.o
    0x08000830   0x0000000c   Code   RO         1081    i.Getrccommandtemp  stm32f4xx_it.o
    0x0800083c   0x00000092   Code   RO         1734    i.HAL_DMA_Abort     stm32f4xx_hal_dma.o
    0x080008ce   0x00000024   Code   RO         1735    i.HAL_DMA_Abort_IT  stm32f4xx_hal_dma.o
    0x080008f2   0x00000002   PAD
    0x080008f4   0x000001a0   Code   RO         1739    i.HAL_DMA_IRQHandler  stm32f4xx_hal_dma.o
    0x08000a94   0x000000d4   Code   RO         1740    i.HAL_DMA_Init      stm32f4xx_hal_dma.o
    0x08000b68   0x0000006e   Code   RO         1744    i.HAL_DMA_Start_IT  stm32f4xx_hal_dma.o
    0x08000bd6   0x00000002   PAD
    0x08000bd8   0x000001f0   Code   RO         1627    i.HAL_GPIO_Init     stm32f4xx_hal_gpio.o
    0x08000dc8   0x0000000a   Code   RO         1631    i.HAL_GPIO_WritePin  stm32f4xx_hal_gpio.o
    0x08000dd2   0x00000002   PAD
    0x08000dd4   0x0000000c   Code   RO         2165    i.HAL_GetTick       stm32f4xx_hal.o
    0x08000de0   0x00000010   Code   RO         2171    i.HAL_IncTick       stm32f4xx_hal.o
    0x08000df0   0x00000034   Code   RO         2172    i.HAL_Init          stm32f4xx_hal.o
    0x08000e24   0x00000098   Code   RO         1233    i.HAL_InitTick      stm32f4xx_hal_timebase_tim.o
    0x08000ebc   0x00000038   Code   RO         1209    i.HAL_MspInit       stm32f4xx_hal_msp.o
    0x08000ef4   0x0000001a   Code   RO         2017    i.HAL_NVIC_EnableIRQ  stm32f4xx_hal_cortex.o
    0x08000f0e   0x00000002   PAD
    0x08000f10   0x00000040   Code   RO         2023    i.HAL_NVIC_SetPriority  stm32f4xx_hal_cortex.o
    0x08000f50   0x00000024   Code   RO         2024    i.HAL_NVIC_SetPriorityGrouping  stm32f4xx_hal_cortex.o
    0x08000f74   0x00000134   Code   RO         1273    i.HAL_RCC_ClockConfig  stm32f4xx_hal_rcc.o
    0x080010a8   0x00000040   Code   RO         1277    i.HAL_RCC_GetClockConfig  stm32f4xx_hal_rcc.o
    0x080010e8   0x00000020   Code   RO         1280    i.HAL_RCC_GetPCLK1Freq  stm32f4xx_hal_rcc.o
    0x08001108   0x00000020   Code   RO         1281    i.HAL_RCC_GetPCLK2Freq  stm32f4xx_hal_rcc.o
    0x08001128   0x00000060   Code   RO         1282    i.HAL_RCC_GetSysClockFreq  stm32f4xx_hal_rcc.o
    0x08001188   0x0000036c   Code   RO         1285    i.HAL_RCC_OscConfig  stm32f4xx_hal_rcc.o
    0x080014f4   0x00000002   Code   RO         3116    i.HAL_TIMEx_BreakCallback  stm32f4xx_hal_tim_ex.o
    0x080014f6   0x00000002   Code   RO         3117    i.HAL_TIMEx_CommutCallback  stm32f4xx_hal_tim_ex.o
    0x080014f8   0x00000090   Code   RO         3135    i.HAL_TIMEx_MasterConfigSynchronization  stm32f4xx_hal_tim_ex.o
    0x08001588   0x0000005a   Code   RO         2412    i.HAL_TIM_Base_Init  stm32f4xx_hal_tim.o
    0x080015e2   0x00000002   PAD
    0x080015e4   0x00000038   Code   RO          944    i.HAL_TIM_Base_MspInit  tim.o
    0x0800161c   0x00000080   Code   RO         2417    i.HAL_TIM_Base_Start_IT  stm32f4xx_hal_tim.o
    0x0800169c   0x000000dc   Code   RO         2421    i.HAL_TIM_ConfigClockSource  stm32f4xx_hal_tim.o
    0x08001778   0x00000002   Code   RO         2446    i.HAL_TIM_IC_CaptureCallback  stm32f4xx_hal_tim.o
    0x0800177a   0x00000130   Code   RO         2460    i.HAL_TIM_IRQHandler  stm32f4xx_hal_tim.o
    0x080018aa   0x00000002   PAD
    0x080018ac   0x000000cc   Code   RO          945    i.HAL_TIM_MspPostInit  tim.o
    0x08001978   0x00000002   Code   RO         2463    i.HAL_TIM_OC_DelayElapsedCallback  stm32f4xx_hal_tim.o
    0x0800197a   0x000000cc   Code   RO         2484    i.HAL_TIM_PWM_ConfigChannel  stm32f4xx_hal_tim.o
    0x08001a46   0x0000005a   Code   RO         2487    i.HAL_TIM_PWM_Init  stm32f4xx_hal_tim.o
    0x08001aa0   0x0000005c   Code   RO          947    i.HAL_TIM_PWM_MspInit  tim.o
    0x08001afc   0x00000002   Code   RO         2490    i.HAL_TIM_PWM_PulseFinishedCallback  stm32f4xx_hal_tim.o
    0x08001afe   0x00000002   PAD
    0x08001b00   0x000000c8   Code   RO         2492    i.HAL_TIM_PWM_Start  stm32f4xx_hal_tim.o
    0x08001bc8   0x00000014   Code   RO          715    i.HAL_TIM_PeriodElapsedCallback  main.o
    0x08001bdc   0x00000002   Code   RO         2503    i.HAL_TIM_TriggerCallback  stm32f4xx_hal_tim.o
    0x08001bde   0x00000002   Code   RO         3395    i.HAL_UARTEx_RxEventCallback  stm32f4xx_hal_uart.o
    0x08001be0   0x00000070   Code   RO         3407    i.HAL_UART_DMAStop  stm32f4xx_hal_uart.o
    0x08001c50   0x00000002   Code   RO         3409    i.HAL_UART_ErrorCallback  stm32f4xx_hal_uart.o
    0x08001c52   0x00000002   PAD
    0x08001c54   0x00000270   Code   RO         3412    i.HAL_UART_IRQHandler  stm32f4xx_hal_uart.o
    0x08001ec4   0x00000064   Code   RO         3413    i.HAL_UART_Init     stm32f4xx_hal_uart.o
    0x08001f28   0x00000188   Code   RO         1022    i.HAL_UART_MspInit  usart.o
    0x080020b0   0x0000001c   Code   RO         3417    i.HAL_UART_Receive_DMA  stm32f4xx_hal_uart.o
    0x080020cc   0x00000002   Code   RO         1082    i.HAL_UART_RxCpltCallback  stm32f4xx_it.o
    0x080020ce   0x00000002   Code   RO         3420    i.HAL_UART_RxHalfCpltCallback  stm32f4xx_hal_uart.o
    0x080020d0   0x000000a0   Code   RO         3421    i.HAL_UART_Transmit  stm32f4xx_hal_uart.o
    0x08002170   0x00000002   Code   RO         3424    i.HAL_UART_TxCpltCallback  stm32f4xx_hal_uart.o
    0x08002172   0x00000002   PAD
    0x08002174   0x00000024   Code   RO         1083    i.HardFault_Handler  stm32f4xx_it.o
    0x08002198   0x0000003c   Code   RO          919    i.MX_DMA_Init       dma.o
    0x080021d4   0x00000080   Code   RO          832    i.MX_FREERTOS_Init  freertos.o
    0x08002254   0x000000b0   Code   RO          807    i.MX_GPIO_Init      gpio.o
    0x08002304   0x00000088   Code   RO          948    i.MX_TIM12_Init     tim.o
    0x0800238c   0x00000064   Code   RO          949    i.MX_TIM2_Init      tim.o
    0x080023f0   0x000000d0   Code   RO          950    i.MX_TIM3_Init      tim.o
    0x080024c0   0x0000009c   Code   RO          951    i.MX_TIM4_Init      tim.o
    0x0800255c   0x00000038   Code   RO         1023    i.MX_USART1_UART_Init  usart.o
    0x08002594   0x00000038   Code   RO         1024    i.MX_USART2_UART_Init  usart.o
    0x080025cc   0x00000038   Code   RO         1025    i.MX_USART6_UART_Init  usart.o
    0x08002604   0x00000002   Code   RO         1084    i.MemManage_Handler  stm32f4xx_it.o
    0x08002606   0x00000002   PAD
    0x08002608   0x00000034   Code   RO          375    i.Motor_Constrain   motor_control.o
    0x0800263c   0x000000b0   Code   RO          376    i.Motor_Control     motor_control.o
    0x080026ec   0x00000264   Code   RO          377    i.Motor_ControlAngle  motor_control.o
    0x08002950   0x00000178   Code   RO          378    i.Motor_ControlDirect  motor_control.o
    0x08002ac8   0x00000054   Code   RO          379    i.Motor_Init        motor_control.o
    0x08002b1c   0x00000038   Code   RO          380    i.Motor_LostProtect  motor_control.o
    0x08002b54   0x00000002   Code   RO         1085    i.NMI_Handler       stm32f4xx_it.o
    0x08002b56   0x00000004   Code   RO          530    i.PID_Init          state_control.o
    0x08002b5a   0x00000002   PAD
    0x08002b5c   0x00000068   Code   RO          676    i.RC_CommandChange  rc_command.o
    0x08002bc4   0x0000008c   Code   RO          677    i.RC_CommandRecive  rc_command.o
    0x08002c50   0x00000020   Code   RO          180    i.RobLightOff       led.o
    0x08002c70   0x00000020   Code   RO          181    i.RobLightOn        led.o
    0x08002c90   0x0000004c   Code   RO          616    i.SensorDataUpdata  attitude.o
    0x08002cdc   0x00000014   Code   RO          617    i.SensorUartSend    attitude.o
    0x08002cf0   0x0000002c   Code   RO          381    i.StateMotorLimit   motor_control.o
    0x08002d1c   0x0000009c   Code   RO          531    i.State_Control     state_control.o
    0x08002db8   0x0000001a   Code   RO         4904    i.SysTick_Handler   cmsis_os2.o
    0x08002dd2   0x00000002   PAD
    0x08002dd4   0x00000094   Code   RO          716    i.SystemClock_Config  main.o
    0x08002e68   0x00000010   Code   RO         3747    i.SystemInit        system_stm32f4xx.o
    0x08002e78   0x00000050   Code   RO         1086    i.TIM2_IRQHandler   stm32f4xx_it.o
    0x08002ec8   0x0000000c   Code   RO         1087    i.TIM6_DAC_IRQHandler  stm32f4xx_it.o
    0x08002ed4   0x000000d8   Code   RO         2505    i.TIM_Base_SetConfig  stm32f4xx_hal_tim.o
    0x08002fac   0x0000001a   Code   RO         2506    i.TIM_CCxChannelCmd  stm32f4xx_hal_tim.o
    0x08002fc6   0x00000014   Code   RO         2516    i.TIM_ETR_SetConfig  stm32f4xx_hal_tim.o
    0x08002fda   0x00000010   Code   RO         2517    i.TIM_ITRx_SetConfig  stm32f4xx_hal_tim.o
    0x08002fea   0x00000002   PAD
    0x08002fec   0x00000060   Code   RO         2518    i.TIM_OC1_SetConfig  stm32f4xx_hal_tim.o
    0x0800304c   0x0000006c   Code   RO         2519    i.TIM_OC2_SetConfig  stm32f4xx_hal_tim.o
    0x080030b8   0x00000068   Code   RO         2520    i.TIM_OC3_SetConfig  stm32f4xx_hal_tim.o
    0x08003120   0x00000050   Code   RO         2521    i.TIM_OC4_SetConfig  stm32f4xx_hal_tim.o
    0x08003170   0x00000022   Code   RO         2523    i.TIM_TI1_ConfigInputStage  stm32f4xx_hal_tim.o
    0x08003192   0x00000024   Code   RO         2525    i.TIM_TI2_ConfigInputStage  stm32f4xx_hal_tim.o
    0x080031b6   0x00000008   Code   RO          833    i.Test              freertos.o
    0x080031be   0x00000010   Code   RO         3426    i.UART_DMAAbortOnError  stm32f4xx_hal_uart.o
    0x080031ce   0x0000004a   Code   RO         3427    i.UART_DMAError     stm32f4xx_hal_uart.o
    0x08003218   0x00000086   Code   RO         3428    i.UART_DMAReceiveCplt  stm32f4xx_hal_uart.o
    0x0800329e   0x0000001e   Code   RO         3430    i.UART_DMARxHalfCplt  stm32f4xx_hal_uart.o
    0x080032bc   0x0000004e   Code   RO         3436    i.UART_EndRxTransfer  stm32f4xx_hal_uart.o
    0x0800330a   0x0000001c   Code   RO         3437    i.UART_EndTxTransfer  stm32f4xx_hal_uart.o
    0x08003326   0x000000c2   Code   RO         3438    i.UART_Receive_IT   stm32f4xx_hal_uart.o
    0x080033e8   0x0000010c   Code   RO         3439    i.UART_SetConfig    stm32f4xx_hal_uart.o
    0x080034f4   0x00000090   Code   RO         3440    i.UART_Start_Receive_DMA  stm32f4xx_hal_uart.o
    0x08003584   0x00000072   Code   RO         3442    i.UART_WaitOnFlagUntilTimeout  stm32f4xx_hal_uart.o
    0x080035f6   0x00000002   PAD
    0x080035f8   0x000000b4   Code   RO         1088    i.USART1_IRQHandler  stm32f4xx_it.o
    0x080036ac   0x00000040   Code   RO         1089    i.USART6_IRQHandler  stm32f4xx_it.o
    0x080036ec   0x00000054   Code   RO          834    i.USART_Start       freertos.o
    0x08003740   0x00000002   Code   RO         1090    i.UsageFault_Handler  stm32f4xx_it.o
    0x08003742   0x00000002   PAD
    0x08003744   0x00000080   Code   RO          835    i.Usart1_Check      freertos.o
    0x080037c4   0x0000001c   Code   RO           17    i.WitInit           wit_c_sdk.o
    0x080037e0   0x00000140   Code   RO           18    i.WitReadReg        wit_c_sdk.o
    0x08003920   0x00000014   Code   RO           19    i.WitRegisterCallBack  wit_c_sdk.o
    0x08003934   0x00000100   Code   RO           20    i.WitSerialDataIn   wit_c_sdk.o
    0x08003a34   0x00000014   Code   RO           21    i.WitSerialWriteRegister  wit_c_sdk.o
    0x08003a48   0x00000058   Code   RO          618    i.Wit_Sensor_Init   attitude.o
    0x08003aa0   0x0000002c   Code   RO           32    i.__CRC16           wit_c_sdk.o
    0x08003acc   0x00000020   Code   RO         2030    i.__NVIC_SetPriority  stm32f4xx_hal_cortex.o
    0x08003aec   0x0000000e   Code   RO         5871    i.__scatterload_copy  mc_w.l(handlers.o)
    0x08003afa   0x00000002   Code   RO         5872    i.__scatterload_null  mc_w.l(handlers.o)
    0x08003afc   0x0000000e   Code   RO         5873    i.__scatterload_zeroinit  mc_w.l(handlers.o)
    0x08003b0a   0x00000020   Code   RO          330    i.constrainf        mate_math.o
    0x08003b2a   0x00000002   PAD
    0x08003b2c   0x00000074   Code   RO         4353    i.eTaskGetState     tasks.o
    0x08003ba0   0x00000050   Code   RO          717    i.main              main.o
    0x08003bf0   0x0000001a   Code   RO         4906    i.osDelay           cmsis_os2.o
    0x08003c0a   0x0000000e   Code   RO         4918    i.osKernelGetTickCount  cmsis_os2.o
    0x08003c18   0x00000024   Code   RO         4920    i.osKernelInitialize  cmsis_os2.o
    0x08003c3c   0x00000038   Code   RO         4923    i.osKernelStart     cmsis_os2.o
    0x08003c74   0x00000088   Code   RO         4965    i.osThreadNew       cmsis_os2.o
    0x08003cfc   0x00000034   Code   RO         4969    i.osThreadTerminate  cmsis_os2.o
    0x08003d30   0x00000038   Code   RO          483    i.pidInit           pid.o
    0x08003d68   0x0000009e   Code   RO          487    i.pidUpdate         pid.o
    0x08003e06   0x00000002   PAD
    0x08003e08   0x0000005c   Code   RO         4355    i.prvAddCurrentTaskToDelayedList  tasks.o
    0x08003e64   0x000000d0   Code   RO         4356    i.prvAddNewTaskToReadyList  tasks.o
    0x08003f34   0x00000058   Code   RO         4730    i.prvCheckForValidListAndQueue  timers.o
    0x08003f8c   0x00000026   Code   RO         3952    i.prvCopyDataFromQueue  queue.o
    0x08003fb2   0x0000006c   Code   RO         3953    i.prvCopyDataToQueue  queue.o
    0x0800401e   0x00000034   Code   RO         4357    i.prvDeleteTCB      tasks.o
    0x08004052   0x00000002   PAD
    0x08004054   0x0000004c   Code   RO         5417    i.prvHeapInit       heap_4.o
    0x080040a0   0x00000060   Code   RO         4358    i.prvIdleTask       tasks.o
    0x08004100   0x00000022   Code   RO         3955    i.prvInitialiseNewQueue  queue.o
    0x08004122   0x00000002   PAD
    0x08004124   0x000000b0   Code   RO         4359    i.prvInitialiseNewTask  tasks.o
    0x080041d4   0x0000004c   Code   RO         5418    i.prvInsertBlockIntoFreeList  heap_4.o
    0x08004220   0x00000038   Code   RO         4732    i.prvInsertTimerInActiveList  timers.o
    0x08004258   0x0000001c   Code   RO         3956    i.prvIsQueueEmpty   queue.o
    0x08004274   0x000000fc   Code   RO         4733    i.prvProcessReceivedCommands  timers.o
    0x08004370   0x000000c0   Code   RO         4734    i.prvProcessTimerOrBlockTask  timers.o
    0x08004430   0x00000020   Code   RO         4361    i.prvResetNextTaskUnblockTime  tasks.o
    0x08004450   0x00000028   Code   RO         4735    i.prvSampleTimeNow  timers.o
    0x08004478   0x0000006c   Code   RO         4736    i.prvSwitchTimerLists  timers.o
    0x080044e4   0x00000028   Code   RO         5473    i.prvTaskExitError  port.o
    0x0800450c   0x00000024   Code   RO         4737    i.prvTimerTask      timers.o
    0x08004530   0x0000006a   Code   RO         3957    i.prvUnlockQueue    queue.o
    0x0800459a   0x00000002   PAD
    0x0800459c   0x000000dc   Code   RO         5419    i.pvPortMalloc      heap_4.o
    0x08004678   0x0000002c   Code   RO         5474    i.pxPortInitialiseStack  port.o
    0x080046a4   0x00000026   Code   RO         3912    i.uxListRemove      list.o
    0x080046ca   0x00000002   PAD
    0x080046cc   0x00000014   Code   RO         4977    i.vApplicationGetIdleTaskMemory  cmsis_os2.o
    0x080046e0   0x00000018   Code   RO         4978    i.vApplicationGetTimerTaskMemory  cmsis_os2.o
    0x080046f8   0x00000016   Code   RO         3913    i.vListInitialise   list.o
    0x0800470e   0x00000006   Code   RO         3914    i.vListInitialiseItem  list.o
    0x08004714   0x00000030   Code   RO         3915    i.vListInsert       list.o
    0x08004744   0x00000018   Code   RO         3916    i.vListInsertEnd    list.o
    0x0800475c   0x00000040   Code   RO         5476    i.vPortEnterCritical  port.o
    0x0800479c   0x00000028   Code   RO         5477    i.vPortExitCritical  port.o
    0x080047c4   0x00000064   Code   RO         5420    i.vPortFree         heap_4.o
    0x08004828   0x00000024   Code   RO         5478    i.vPortSetupTimerInterrupt  port.o
    0x0800484c   0x00000054   Code   RO         5479    i.vPortValidateInterruptPriority  port.o
    0x080048a0   0x00000028   Code   RO         3963    i.vQueueAddToRegistry  queue.o
    0x080048c8   0x00000044   Code   RO         3967    i.vQueueWaitForMessageRestricted  queue.o
    0x0800490c   0x0000004c   Code   RO         4374    i.vTaskDelay        tasks.o
    0x08004958   0x0000008c   Code   RO         4375    i.vTaskDelayUntil   tasks.o
    0x080049e4   0x00000090   Code   RO         4376    i.vTaskDelete       tasks.o
    0x08004a74   0x00000010   Code   RO         4379    i.vTaskInternalSetTimeOutState  tasks.o
    0x08004a84   0x0000000c   Code   RO         4381    i.vTaskMissedYield  tasks.o
    0x08004a90   0x00000030   Code   RO         4383    i.vTaskPlaceOnEventList  tasks.o
    0x08004ac0   0x00000038   Code   RO         4384    i.vTaskPlaceOnEventListRestricted  tasks.o
    0x08004af8   0x00000088   Code   RO         4392    i.vTaskStartScheduler  tasks.o
    0x08004b80   0x00000010   Code   RO         4394    i.vTaskSuspendAll   tasks.o
    0x08004b90   0x00000064   Code   RO         4395    i.vTaskSwitchContext  tasks.o
    0x08004bf4   0x000000f4   Code   RO         5480    i.xPortStartScheduler  port.o
    0x08004ce8   0x0000002c   Code   RO         5481    i.xPortSysTickHandler  port.o
    0x08004d14   0x00000066   Code   RO         3973    i.xQueueGenericCreateStatic  queue.o
    0x08004d7a   0x00000002   PAD
    0x08004d7c   0x00000088   Code   RO         3974    i.xQueueGenericReset  queue.o
    0x08004e04   0x00000160   Code   RO         3975    i.xQueueGenericSend  queue.o
    0x08004f64   0x000000be   Code   RO         3976    i.xQueueGenericSendFromISR  queue.o
    0x08005022   0x00000002   PAD
    0x08005024   0x00000138   Code   RO         3985    i.xQueueReceive     queue.o
    0x0800515c   0x00000074   Code   RO         4397    i.xTaskCheckForTimeOut  tasks.o
    0x080051d0   0x0000005a   Code   RO         4398    i.xTaskCreate       tasks.o
    0x0800522a   0x00000056   Code   RO         4399    i.xTaskCreateStatic  tasks.o
    0x08005280   0x0000001c   Code   RO         4403    i.xTaskGetSchedulerState  tasks.o
    0x0800529c   0x0000000c   Code   RO         4404    i.xTaskGetTickCount  tasks.o
    0x080052a8   0x00000010   Code   RO         4405    i.xTaskGetTickCountFromISR  tasks.o
    0x080052b8   0x000000c8   Code   RO         4406    i.xTaskIncrementTick  tasks.o
    0x08005380   0x00000080   Code   RO         4409    i.xTaskPriorityDisinherit  tasks.o
    0x08005400   0x00000070   Code   RO         4411    i.xTaskRemoveFromEventList  tasks.o
    0x08005470   0x000000c4   Code   RO         4412    i.xTaskResumeAll    tasks.o
    0x08005534   0x00000060   Code   RO         4746    i.xTimerCreateTimerTask  timers.o
    0x08005594   0x00000068   Code   RO         4747    i.xTimerGenericCommand  timers.o
    0x080055fc   0x00000200   Data   RO           34    .constdata          wit_c_sdk.o
    0x080057fc   0x00000090   Data   RO          837    .constdata          freertos.o
    0x0800588c   0x00000008   Data   RO         1746    .constdata          stm32f4xx_hal_dma.o
    0x08005894   0x00000010   Data   RO         3748    .constdata          system_stm32f4xx.o
    0x080058a4   0x00000008   Data   RO         3749    .constdata          system_stm32f4xx.o
    0x080058ac   0x0000002d   Data   RO          838    .conststring        freertos.o
    0x080058d9   0x00000003   PAD
    0x080058dc   0x00000020   Data   RO         5869    Region$$Table       anon$$obj.o


    Execution Region RW_IRAM1 (Base: 0x20000000, Size: 0x000055d8, Max: 0x00020000, ABSOLUTE)

    Base Addr    Size         Type   Attr      Idx    E Section Name        Object

    0x20000000   0x00000028   Data   RW           35    .data               wit_c_sdk.o
    0x20000028   0x00000001   Data   RW          620    .data               attitude.o
    0x20000029   0x00000001   PAD
    0x2000002a   0x00000008   Data   RW          679    .data               rc_command.o
    0x20000032   0x00000002   PAD
    0x20000034   0x00000016   Data   RW          839    .data               freertos.o
    0x2000004a   0x00000002   PAD
    0x2000004c   0x0000000c   Data   RW         1092    .data               stm32f4xx_it.o
    0x20000058   0x0000000c   Data   RW         2179    .data               stm32f4xx_hal.o
    0x20000064   0x00000004   Data   RW         3750    .data               system_stm32f4xx.o
    0x20000068   0x0000003c   Data   RW         4415    .data               tasks.o
    0x200000a4   0x00000014   Data   RW         4755    .data               timers.o
    0x200000b8   0x00000004   Data   RW         4980    .data               cmsis_os2.o
    0x200000bc   0x00000020   Data   RW         5426    .data               heap_4.o
    0x200000dc   0x0000000c   Data   RW         5482    .data               port.o
    0x200000e8   0x00000220   Zero   RW           33    .bss                wit_c_sdk.o
    0x20000308   0x00000080   Zero   RW          331    .bss                mate_math.o
    0x20000388   0x00000020   Zero   RW          382    .bss                motor_control.o
    0x200003a8   0x00000168   Zero   RW          532    .bss                state_control.o
    0x20000510   0x00000024   Zero   RW          619    .bss                attitude.o
    0x20000534   0x00000028   Zero   RW          678    .bss                rc_command.o
    0x2000055c   0x00000046   Zero   RW          836    .bss                freertos.o
    0x200005a2   0x00000002   PAD
    0x200005a4   0x00000120   Zero   RW          952    .bss                tim.o
    0x200006c4   0x00000198   Zero   RW         1026    .bss                usart.o
    0x2000085c   0x0000005c   Zero   RW         1091    .bss                stm32f4xx_it.o
    0x200008b8   0x00000048   Zero   RW         1236    .bss                stm32f4xx_hal_timebase_tim.o
    0x20000900   0x00000040   Zero   RW         3989    .bss                queue.o
    0x20000940   0x000004c4   Zero   RW         4414    .bss                tasks.o
    0x20000e04   0x00000118   Zero   RW         4754    .bss                timers.o
    0x20000f1c   0x000006b8   Zero   RW         4979    .bss                cmsis_os2.o
    0x200015d4   0x00003c00   Zero   RW         5425    .bss                heap_4.o
    0x200051d4   0x00000004   PAD
    0x200051d8   0x00000400   Zero   RW            1    STACK               startup_stm32f405xx.o


==============================================================================

Image component sizes


      Code (inc. data)   RO Data    RW Data    ZI Data      Debug   Object Name

       468         52          0          1         36       4144   attitude.o
       390         22          0          4       1720      66042   cmsis_os2.o
        60          4          0          0          0        794   dma.o
         0          0          0          0          0      19464   event_groups.o
       468         76        189         22         70       4429   freertos.o
       176         12          0          0          0        987   gpio.o
       472         24          0         32      15360       4675   heap_4.o
        64          8          0          0          0     638363   led.o
       138          0          0          0          0       3406   list.o
       252         26          0          0          0      13528   main.o
       152          6          0          0        128       2230   mate_math.o
      1400         66          0          0         32       6643   motor_control.o
       214          4          0          0          0       1938   pid.o
       786         82          0         12          0      11505   port.o
      1514         20          0          0         64      15912   queue.o
       244         14          0          8         40       2621   rc_command.o
        36          8        392          0       1024        840   startup_stm32f405xx.o
       420         44          0          0        360       3918   state_control.o
        80         14          0         12          0       8114   stm32f4xx_hal.o
       158         14          0          0          0      32734   stm32f4xx_hal_cortex.o
      1084         16          8          0          0       6606   stm32f4xx_hal_dma.o
       506         46          0          0          0       2032   stm32f4xx_hal_gpio.o
        56          4          0          0          0        878   stm32f4xx_hal_msp.o
      1408         82          0          0          0       5677   stm32f4xx_hal_rcc.o
      1980        138          0          0          0      15504   stm32f4xx_hal_tim.o
       148         28          0          0          0       2461   stm32f4xx_hal_tim_ex.o
       152         20          0          0         72       1451   stm32f4xx_hal_timebase_tim.o
      2112         30          0          0          0      14319   stm32f4xx_hal_uart.o
       444         92          0         12         92      39260   stm32f4xx_it.o
         0          0          0          0          0        408   stream_buffer.o
        16          4         24          4          0       1147   system_stm32f4xx.o
      2500        204          0         60       1220      29103   tasks.o
       952         80          0          0        288       5175   tim.o
       972         80          0         20        280      31507   timers.o
       560         56          0          0        408       3302   usart.o
       868         64        512         40        544      11500   wit_c_sdk.o

    ----------------------------------------------------------------------
     21302       1440       1160        232      21744    1012617   Object Totals
         0          0         32          0          0          0   (incl. Generated)
        52          0          3          5          6          0   (incl. Padding)

    ----------------------------------------------------------------------

      Code (inc. data)   RO Data    RW Data    ZI Data      Debug   Library Member Name

         0          0          0          0          0          0   entry.o
         0          0          0          0          0          0   entry10a.o
         0          0          0          0          0          0   entry11a.o
         8          4          0          0          0          0   entry2.o
         4          0          0          0          0          0   entry5.o
         0          0          0          0          0          0   entry7b.o
         0          0          0          0          0          0   entry8b.o
         8          4          0          0          0          0   entry9a.o
        30          0          0          0          0          0   handlers.o
        36          8          0          0          0         68   init.o
        30          0          0          0          0         68   llshl.o
        32          0          0          0          0         68   llushr.o
        36          0          0          0          0         68   memcpya.o
        36          0          0          0          0        108   memseta.o
        98          0          0          0          0         92   uldiv.o

    ----------------------------------------------------------------------
       318         16          0          0          0        472   Library Totals
         0          0          0          0          0          0   (incl. Padding)

    ----------------------------------------------------------------------

      Code (inc. data)   RO Data    RW Data    ZI Data      Debug   Library Name

       318         16          0          0          0        472   mc_w.l

    ----------------------------------------------------------------------
       318         16          0          0          0        472   Library Totals

    ----------------------------------------------------------------------

==============================================================================


      Code (inc. data)   RO Data    RW Data    ZI Data      Debug   

     21620       1456       1160        232      21744     993037   Grand Totals
     21620       1456       1160        232      21744     993037   ELF Image Totals
     21620       1456       1160        232          0          0   ROM Totals

==============================================================================

    Total RO  Size (Code + RO Data)                22780 (  22.25kB)
    Total RW  Size (RW Data + ZI Data)             21976 (  21.46kB)
    Total ROM Size (Code + RO Data + RW Data)      23012 (  22.47kB)

==============================================================================

